Archive member included to satisfy reference by file (symbol)

../../../../slprj/ert/Algorithm_to_deploy/Algorithm_to_deploy_rtwlib.lib(Algorithm_to_deploy.c.o)
                              xil_interface.c.o (Algorithm_to_deploy_Init)
C:/Users/robyd/Desktop/UNIVPM/MANUTE~1/Progetto/MPRAI_~1/slprj/ert/_sharedutils/rtwshared.lib(const_params.c.o)
                              ../../../../slprj/ert/Algorithm_to_deploy/Algorithm_to_deploy_rtwlib.lib(Algorithm_to_deploy.c.o) (rtCP_pooled_0dKMm3TDe3N4)
C:/Users/robyd/Desktop/UNIVPM/MANUTE~1/Progetto/MPRAI_~1/slprj/ert/_sharedutils/rtwshared.lib(rt_atan2f_snf.c.o)
                              ../../../../slprj/ert/Algorithm_to_deploy/Algorithm_to_deploy_rtwlib.lib(Algorithm_to_deploy.c.o) (rt_atan2f_snf)
C:/Users/robyd/Desktop/UNIVPM/MANUTE~1/Progetto/MPRAI_~1/slprj/ert/_sharedutils/rtwshared.lib(rt_nonfinite.c.o)
                              C:/Users/robyd/Desktop/UNIVPM/MANUTE~1/Progetto/MPRAI_~1/slprj/ert/_sharedutils/rtwshared.lib(rt_atan2f_snf.c.o) (rtNaNF)
C:/Users/robyd/Desktop/UNIVPM/MANUTE~1/Progetto/MPRAI_~1/slprj/ert/Algorithm_to_deploy/coderassumptions/lib/Algorithm_to_deploy_ca.lib(Algorithm_to_deploy_ca.c.o)
                              coder_assumptions_app.c.o (CA_Algorithm_to_deploy_Res)
C:/Users/robyd/Desktop/UNIVPM/MANUTE~1/Progetto/MPRAI_~1/slprj/ert/Algorithm_to_deploy/coderassumptions/lib/Algorithm_to_deploy_ca.lib(coder_assumptions_hwimpl.c.o)
                              C:/Users/robyd/Desktop/UNIVPM/MANUTE~1/Progetto/MPRAI_~1/slprj/ert/Algorithm_to_deploy/coderassumptions/lib/Algorithm_to_deploy_ca.lib(Algorithm_to_deploy_ca.c.o) (caVerifyChecks)
C:/Users/robyd/Desktop/UNIVPM/MANUTE~1/Progetto/MPRAI_~1/slprj/ert/Algorithm_to_deploy/coderassumptions/lib/Algorithm_to_deploy_ca.lib(coder_assumptions_flt.c.o)
                              C:/Users/robyd/Desktop/UNIVPM/MANUTE~1/Progetto/MPRAI_~1/slprj/ert/Algorithm_to_deploy/coderassumptions/lib/Algorithm_to_deploy_ca.lib(coder_assumptions_hwimpl.c.o) (denormalAsZero)
C:/ProgramData/MATLAB/SupportPackages/R2025b/3P.instrset/gnuarm-armcortex.instrset/win/bin/../lib/gcc/arm-none-eabi/13.2.1/thumb/v7e-m+dp/hard\libm.a(libm_a-wf_atan2.o)
                              C:/Users/robyd/Desktop/UNIVPM/MANUTE~1/Progetto/MPRAI_~1/slprj/ert/_sharedutils/rtwshared.lib(rt_atan2f_snf.c.o) (atan2f)
C:/ProgramData/MATLAB/SupportPackages/R2025b/3P.instrset/gnuarm-armcortex.instrset/win/bin/../lib/gcc/arm-none-eabi/13.2.1/thumb/v7e-m+dp/hard\libm.a(libm_a-sf_tan.o)
                              ../../../../slprj/ert/Algorithm_to_deploy/Algorithm_to_deploy_rtwlib.lib(Algorithm_to_deploy.c.o) (tanf)
C:/ProgramData/MATLAB/SupportPackages/R2025b/3P.instrset/gnuarm-armcortex.instrset/win/bin/../lib/gcc/arm-none-eabi/13.2.1/thumb/v7e-m+dp/hard\libm.a(libm_a-sinf.o)
                              ../../../../slprj/ert/Algorithm_to_deploy/Algorithm_to_deploy_rtwlib.lib(Algorithm_to_deploy.c.o) (sinf)
C:/ProgramData/MATLAB/SupportPackages/R2025b/3P.instrset/gnuarm-armcortex.instrset/win/bin/../lib/gcc/arm-none-eabi/13.2.1/thumb/v7e-m+dp/hard\libm.a(libm_a-cosf.o)
                              ../../../../slprj/ert/Algorithm_to_deploy/Algorithm_to_deploy_rtwlib.lib(Algorithm_to_deploy.c.o) (cosf)
C:/ProgramData/MATLAB/SupportPackages/R2025b/3P.instrset/gnuarm-armcortex.instrset/win/bin/../lib/gcc/arm-none-eabi/13.2.1/thumb/v7e-m+dp/hard\libm.a(libm_a-sincosf_data.o)
                              C:/ProgramData/MATLAB/SupportPackages/R2025b/3P.instrset/gnuarm-armcortex.instrset/win/bin/../lib/gcc/arm-none-eabi/13.2.1/thumb/v7e-m+dp/hard\libm.a(libm_a-sinf.o) (__inv_pio4)
C:/ProgramData/MATLAB/SupportPackages/R2025b/3P.instrset/gnuarm-armcortex.instrset/win/bin/../lib/gcc/arm-none-eabi/13.2.1/thumb/v7e-m+dp/hard\libm.a(libm_a-math_errf.o)
                              C:/ProgramData/MATLAB/SupportPackages/R2025b/3P.instrset/gnuarm-armcortex.instrset/win/bin/../lib/gcc/arm-none-eabi/13.2.1/thumb/v7e-m+dp/hard\libm.a(libm_a-sinf.o) (__math_invalidf)
C:/ProgramData/MATLAB/SupportPackages/R2025b/3P.instrset/gnuarm-armcortex.instrset/win/bin/../lib/gcc/arm-none-eabi/13.2.1/thumb/v7e-m+dp/hard\libm.a(libm_a-kf_tan.o)
                              C:/ProgramData/MATLAB/SupportPackages/R2025b/3P.instrset/gnuarm-armcortex.instrset/win/bin/../lib/gcc/arm-none-eabi/13.2.1/thumb/v7e-m+dp/hard\libm.a(libm_a-sf_tan.o) (__kernel_tanf)
C:/ProgramData/MATLAB/SupportPackages/R2025b/3P.instrset/gnuarm-armcortex.instrset/win/bin/../lib/gcc/arm-none-eabi/13.2.1/thumb/v7e-m+dp/hard\libm.a(libm_a-ef_atan2.o)
                              C:/ProgramData/MATLAB/SupportPackages/R2025b/3P.instrset/gnuarm-armcortex.instrset/win/bin/../lib/gcc/arm-none-eabi/13.2.1/thumb/v7e-m+dp/hard\libm.a(libm_a-wf_atan2.o) (__ieee754_atan2f)
C:/ProgramData/MATLAB/SupportPackages/R2025b/3P.instrset/gnuarm-armcortex.instrset/win/bin/../lib/gcc/arm-none-eabi/13.2.1/thumb/v7e-m+dp/hard\libm.a(libm_a-ef_rem_pio2.o)
[...]
Memory Configuration

Name             Origin             Length             Attributes
ITCMRAM          0x00000000         0x00010000         xrw
DTCMRAM          0x20000000         0x00020000         xrw
FLASH            0x08000000         0x00100000         xr
RAM_D1           0x24000000         0x00050000         xrw
RAM_D2           0x30000000         0x00008000         xrw
RAM_D3           0x38000000         0x00004000         xrw
*default*        0x00000000         0xffffffff

Linker script and memory map

LOAD C:/ProgramData/MATLAB/SupportPackages/R2025b/3P.instrset/gnuarm-armcortex.instrset/win/bin/../lib/gcc/arm-none-eabi/13.2.1/thumb/v7e-m+dp/hard/crti.o
LOAD C:/ProgramData/MATLAB/SupportPackages/R2025b/3P.instrset/gnuarm-armcortex.instrset/win/bin/../lib/gcc/arm-none-eabi/13.2.1/thumb/v7e-m+dp/hard/crtbegin.o
LOAD C:/ProgramData/MATLAB/SupportPackages/R2025b/3P.instrset/gnuarm-armcortex.instrset/win/bin/../lib/gcc/arm-none-eabi/13.2.1/thumb/v7e-m+dp/hard/crt0.o
LOAD xil_interface_lib.c.o
LOAD xil_data_stream.c.o
LOAD xil_services.c.o
LOAD xil_interface.c.o
LOAD xilcomms_rtiostream.c.o
LOAD xil_rtiostream.c.o
LOAD rtiostream_utils.c.o
LOAD coder_assumptions_app.c.o
LOAD coder_assumptions_data_stream.c.o
LOAD coder_assumptions_rtiostream.c.o
LOAD pil_main.c.o
LOAD rtiostream_serial.c.o
LOAD stm_usart.c.o
LOAD stm_lpuart.c.o
LOAD platform_timer.c.o
LOAD main.c.o
LOAD stm32h7xx_it.c.o
LOAD stm32h7xx_hal_msp.c.o
LOAD stm32h7xx_hal_timebase_tim.c.o
LOAD stm32h7xx_ll_exti.c.o
LOAD stm32h7xx_ll_gpio.c.o
LOAD stm32h7xx_ll_rcc.c.o
LOAD stm32h7xx_ll_utils.c.o
LOAD stm32h7xx_hal_rcc.c.o
LOAD stm32h7xx_hal_rcc_ex.c.o
LOAD stm32h7xx_hal_flash.c.o
LOAD stm32h7xx_hal_flash_ex.c.o
LOAD stm32h7xx_hal_gpio.c.o
LOAD stm32h7xx_hal_hsem.c.o
LOAD stm32h7xx_hal_dma.c.o
LOAD stm32h7xx_hal_dma_ex.c.o
LOAD stm32h7xx_hal_mdma.c.o
LOAD stm32h7xx_hal_pwr.c.o
LOAD stm32h7xx_hal_pwr_ex.c.o
LOAD stm32h7xx_hal_cortex.c.o
LOAD stm32h7xx_hal.c.o
LOAD stm32h7xx_hal_i2c.c.o
LOAD stm32h7xx_hal_i2c_ex.c.o
LOAD stm32h7xx_hal_exti.c.o
LOAD stm32h7xx_ll_dma.c.o
LOAD stm32h7xx_hal_tim.c.o
LOAD stm32h7xx_hal_tim_ex.c.o
LOAD stm32h7xx_ll_usart.c.o
LOAD system_stm32h7xx.c.o
LOAD syscalls.c.o
LOAD sysmem.c.o
LOAD startup_stm32h723zgtx.s.o
LOAD ../../../../slprj/ert/Algorithm_to_deploy/Algorithm_to_deploy_rtwlib.lib
LOAD C:/Users/robyd/Desktop/UNIVPM/MANUTE~1/Progetto/MPRAI_~1/slprj/ert/_sharedutils/rtwshared.lib
LOAD C:/Users/robyd/Desktop/UNIVPM/MANUTE~1/Progetto/MPRAI_~1/slprj/ert/Algorithm_to_deploy/coderassumptions/lib/Algorithm_to_deploy_ca.lib
LOAD C:/ProgramData/MATLAB/SupportPackages/R2025b/3P.instrset/cmsis_dsp.instrset/Lib/GCC/arm_cortexm7ldfdp_math/libCMSISDSP.a
LOAD C:/ProgramData/MATLAB/SupportPackages/R2025b/toolbox/shared/supportpackages/stm32/lib/GCC/libmw_pdmfilter_m7_dpfp.lib
LOAD C:/ProgramData/MATLAB/SupportPackages/R2025b/3P.instrset/gnuarm-armcortex.instrset/win/bin/../lib/gcc/arm-none-eabi/13.2.1/thumb/v7e-m+dp/hard\libstdc++.a
LOAD C:/ProgramData/MATLAB/SupportPackages/R2025b/3P.instrset/gnuarm-armcortex.instrset/win/bin/../lib/gcc/arm-none-eabi/13.2.1/thumb/v7e-m+dp/hard\libm.a
START GROUP
LOAD C:/ProgramData/MATLAB/SupportPackages/R2025b/3P.instrset/gnuarm-armcortex.instrset/win/bin/../lib/gcc/arm-none-eabi/13.2.1/thumb/v7e-m+dp/hard\libgcc.a
LOAD C:/ProgramData/MATLAB/SupportPackages/R2025b/3P.instrset/gnuarm-armcortex.instrset/win/bin/../lib/gcc/arm-none-eabi/13.2.1/thumb/v7e-m+dp/hard\libc.a
END GROUP
START GROUP
LOAD C:/ProgramData/MATLAB/SupportPackages/R2025b/3P.instrset/gnuarm-armcortex.instrset/win/bin/../lib/gcc/arm-none-eabi/13.2.1/thumb/v7e-m+dp/hard\libgcc.a
LOAD C:/ProgramData/MATLAB/SupportPackages/R2025b/3P.instrset/gnuarm-armcortex.instrset/win/bin/../lib/gcc/arm-none-eabi/13.2.1/thumb/v7e-m+dp/hard\libc.a
LOAD C:/ProgramData/MATLAB/SupportPackages/R2025b/3P.instrset/gnuarm-armcortex.instrset/win/bin/../lib/gcc/arm-none-eabi/13.2.1/thumb/v7e-m+dp/hard\libnosys.a
END GROUP
LOAD C:/ProgramData/MATLAB/SupportPackages/R2025b/3P.instrset/gnuarm-armcortex.instrset/win/bin/../lib/gcc/arm-none-eabi/13.2.1/thumb/v7e-m+dp/hard/crtend.o
LOAD C:/ProgramData/MATLAB/SupportPackages/R2025b/3P.instrset/gnuarm-armcortex.instrset/win/bin/../lib/gcc/arm-none-eabi/13.2.1/thumb/v7e-m+dp/hard/crtn.o
                0x24050000                        _estack = (ORIGIN (RAM_D1) + LENGTH (RAM_D1))
                0x00000200                        _Min_Heap_Size = 0x200
                0x00000400                        _Min_Stack_Size = 0x400

.isr_vector     0x08000000      0x2cc
                0x08000000                        . = ALIGN (0x4)
 *(.isr_vector)
 .isr_vector    0x08000000      0x2cc startup_stm32h723zgtx.s.o
                0x08000000                g_pfnVectors
                0x080002cc                        . = ALIGN (0x4)

.text           0x080002d0     0xbc30
                0x080002d0                        . = ALIGN (0x4)
 *(.text)
 .text          0x080002d0      0x378 C:/ProgramData/MATLAB/SupportPackages/R2025b/3P.instrset/gnuarm-armcortex.instrset/win/bin/../lib/gcc/arm-none-eabi/13.2.1/thumb/v7e-m+dp/hard\libgcc.a(_arm_addsubdf3.o)
                0x080002d0                __aeabi_drsub
                0x080002d8                __aeabi_dsub
                0x080002d8                __subdf3
                0x080002dc                __aeabi_dadd
                0x080002dc                __adddf3
                0x08000554                __floatunsidf
                0x08000554                __aeabi_ui2d
                0x08000574                __floatsidf
                0x08000574                __aeabi_i2d
                0x08000598                __aeabi_f2d
                0x08000598                __extendsfdf2
                0x080005dc                __floatundidf
                0x080005dc                __aeabi_ul2d
                0x080005ec                __floatdidf
                0x080005ec                __aeabi_l2d
 .text          0x08000648      0x134 C:/ProgramData/MATLAB/SupportPackages/R2025b/3P.instrset/gnuarm-armcortex.instrset/win/bin/../lib/gcc/arm-none-eabi/13.2.1/thumb/v7e-m+dp/hard\libc.a(libc_a-memcpy.o)
                0x08000648                memcpy
 *(.text*)
 .text.deregister_tm_clones
                0x0800077c       0x1c C:/ProgramData/MATLAB/SupportPackages/R2025b/3P.instrset/gnuarm-armcortex.instrset/win/bin/../lib/gcc/arm-none-eabi/13.2.1/thumb/v7e-m+dp/hard/crtbegin.o
 .text.register_tm_clones
                0x08000798       0x24 C:/ProgramData/MATLAB/SupportPackages/R2025b/3P.instrset/gnuarm-armcortex.instrset/win/bin/../lib/gcc/arm-none-eabi/13.2.1/thumb/v7e-m+dp/hard/crtbegin.o
 .text.__do_global_dtors_aux
                0x080007bc       0x28 C:/ProgramData/MATLAB/SupportPackages/R2025b/3P.instrset/gnuarm-armcortex.instrset/win/bin/../lib/gcc/arm-none-eabi/13.2.1/thumb/v7e-m+dp/hard/crtbegin.o
 .text.frame_dummy
                0x080007e4       0x24 C:/ProgramData/MATLAB/SupportPackages/R2025b/3P.instrset/gnuarm-armcortex.instrset/win/bin/../lib/gcc/arm-none-eabi/13.2.1/thumb/v7e-m+dp/hard/crtbegin.o
 .text.getNextXILIOData
                0x08000808       0x28 xil_interface_lib.c.o
 .text.processHostToTargetData
                0x08000830       0xa4 xil_interface_lib.c.o
 .text.processTargetToHostData
                0x080008d4       0x78 xil_interface_lib.c.o
 .text.processTargetToHostPreData
                0x0800094c       0x7c xil_interface_lib.c.o
 .text.finalizeCommandResponse
                0x080009c8       0x66 xil_interface_lib.c.o
 *fill*         0x08000a2e        0x2 
 .text.computeNextState
                0x08000a30      0x1f8 xil_interface_lib.c.o
 .text.xilReadCommandCode
                0x08000c28       0x88 xil_interface_lib.c.o
 .text.xilProcessMsg
                0x08000cb0      0x530 xil_interface_lib.c.o
                0x08000cb0                xilProcessMsg
 .text.xilRun   0x080011e0       0x44 xil_interface_lib.c.o
                0x080011e0                xilRun
 .text.resetXILWriteBuffer
                0x08001224       0x5c xil_data_stream.c.o
                0x08001224                resetXILWriteBuffer
 .text.silpilInit
                0x08001280       0x20 xil_data_stream.c.o
                0x08001280                silpilInit
 .text.sendWriteBuffer
                0x080012a0       0x44 xil_data_stream.c.o
 .text.xilWriteData
                0x080012e4       0x9c xil_data_stream.c.o
                0x080012e4                xilWriteData
 .text.xilReadData
                0x08001380       0xac xil_data_stream.c.o
                0x08001380                xilReadData
 .text.xilDataFlush
                0x0800142c       0x40 xil_data_stream.c.o
                0x0800142c                xilDataFlush
 .text.silpilTerminate
                0x0800146c        0xc xil_data_stream.c.o
                0x0800146c                silpilTerminate
 .text.xilInit  0x08001478       0x44 xil_services.c.o
                0x08001478                xilInit
 .text.xilTerminateComms
                0x080014bc       0x16 xil_services.c.o
                0x080014bc                xilTerminateComms
 .text.xilProcessParams
                0x080014d2       0x20 xil_interface.c.o
                0x080014d2                xilProcessParams
 .text.xilGetDataTypeInfo
                0x080014f2       0x5c xil_interface.c.o
                0x080014f2                xilGetDataTypeInfo
 *fill*         0x0800154e        0x2 
 .text.xilInitialize
                0x08001550       0x60 xil_interface.c.o
                0x08001550                xilInitialize
 .text.xilPause
                0x080015b0       0x24 xil_interface.c.o
                0x080015b0                xilPause
 .text.xilSystemInitialize
                0x080015d4       0x2c xil_interface.c.o
                0x080015d4                xilSystemInitialize
 .text.xilSystemReset
                0x08001600       0x24 xil_interface.c.o
                0x08001600                xilSystemReset
 .text.xilGetHostToTargetData
                0x08001624      0x1e0 xil_interface.c.o
                0x08001624                xilGetHostToTargetData
 .text.xilGetTargetToHostPreData
                0x08001804       0x3a xil_interface.c.o
                0x08001804                xilGetTargetToHostPreData
 *fill*         0x0800183e        0x2 
 .text.xilOutput
                0x08001840       0x88 xil_interface.c.o
                0x08001840                xilOutput
 .text.xilUpdate
                0x080018c8       0x22 xil_interface.c.o
                0x080018c8                xilUpdate
 *fill*         0x080018ea        0x2 
 .text.xilGetTargetToHostData
                0x080018ec      0x204 xil_interface.c.o
                0x080018ec                xilGetTargetToHostData
 .text.xilTerminate
                0x08001af0       0x20 xil_interface.c.o
                0x08001af0                xilTerminate
 .text.xilInitTargetData
                0x08001b10       0x10 xil_interface.c.o
                0x08001b10                xilInitTargetData
 .text.xilEnable
                0x08001b20       0x22 xil_interface.c.o
                0x08001b20                xilEnable
 .text.xilDisable
                0x08001b42       0x22 xil_interface.c.o
                0x08001b42                xilDisable
 .text.commsInit
                0x08001b64       0x34 xilcomms_rtiostream.c.o
                0x08001b64                commsInit
 .text.commsTerminate
                0x08001b98       0x24 xilcomms_rtiostream.c.o
                0x08001b98                commsTerminate
 .text.commsEnqueueBuffer
                0x08001bbc       0x68 xilcomms_rtiostream.c.o
                0x08001bbc                commsEnqueueBuffer
 .text.rtiostreamReadMessage
                0x08001c24       0x7c xilcomms_rtiostream.c.o
                0x08001c24                rtiostreamReadMessage
 .text.xilTgtAppSvcCreate
                0x08001ca0       0x10 xil_rtiostream.c.o
                0x08001ca0                xilTgtAppSvcCreate
 .text.xilTgtAppSvcDestroy
                0x08001cb0        0xe xil_rtiostream.c.o
                0x08001cb0                xilTgtAppSvcDestroy
 *fill*         0x08001cbe        0x2 
 .text.xilTgtAppSvcAllocBuffer
                0x08001cc0       0x24 xil_rtiostream.c.o
                0x08001cc0                xilTgtAppSvcAllocBuffer
 .text.xilTgtAppSvcGetBufferDataPtr
                0x08001ce4       0x1c xil_rtiostream.c.o
                0x08001ce4                xilTgtAppSvcGetBufferDataPtr
 .text.xilTgtAppSvcSend
                0x08001d00       0x24 xil_rtiostream.c.o
                0x08001d00                xilTgtAppSvcSend
 .text.rtIOStreamBlockingSend
                0x08001d24       0x64 rtiostream_utils.c.o
                0x08001d24                rtIOStreamBlockingSend
 .text.rtIOStreamBlockingRecv
                0x08001d88       0x64 rtiostream_utils.c.o
                0x08001d88                rtIOStreamBlockingRecv
 .text.coderAssumptionsRun
                0x08001dec       0x18 coder_assumptions_app.c.o
                0x08001dec                coderAssumptionsRun
 .text.runChecks
                0x08001e04       0x6e coder_assumptions_app.c.o
 .text.transmitMemUnitBytes
                0x08001e72       0x3e coder_assumptions_app.c.o
 .text.sendPWS  0x08001eb0       0xc8 coder_assumptions_app.c.o
 .text.sendHWImpl
                0x08001f78       0xa4 coder_assumptions_app.c.o
 .text.sendHardwareImplementationResult
                0x0800201c      0x2bc coder_assumptions_app.c.o
 .text.sendResult
                0x080022d8       0xa8 coder_assumptions_app.c.o
 .text.coderAssumptionsWriteData
                0x08002380       0x6c coder_assumptions_data_stream.c.o
                0x08002380                coderAssumptionsWriteData
 .text.resetCoderAssumptionsWriteBuffer
                0x080023ec       0x40 coder_assumptions_data_stream.c.o
                0x080023ec                resetCoderAssumptionsWriteBuffer
 .text.coderAssumptionsSendWriteBuffer
                0x0800242c       0x40 coder_assumptions_data_stream.c.o
                0x0800242c                coderAssumptionsSendWriteBuffer
 .text.coderAssumptionsInit
                0x0800246c       0x20 coder_assumptions_data_stream.c.o
                0x0800246c                coderAssumptionsInit
 .text.coderAssumptionsTerminate
                0x0800248c        0xc coder_assumptions_data_stream.c.o
                0x0800248c                coderAssumptionsTerminate
 .text.coderAssumpTgtAppSvcCreate
                0x08002498       0x10 coder_assumptions_rtiostream.c.o
                0x08002498                coderAssumpTgtAppSvcCreate
 .text.coderAssumpTgtAppSvcDestroy
                0x080024a8        0xe coder_assumptions_rtiostream.c.o
                0x080024a8                coderAssumpTgtAppSvcDestroy
 *fill*         0x080024b6        0x2 
 .text.coderAssumpTgtAppSvcAllocBuffer
                0x080024b8       0x24 coder_assumptions_rtiostream.c.o
                0x080024b8                coderAssumpTgtAppSvcAllocBuffer
 .text.coderAssumpTgtAppSvcGetBufferDataPtr
                0x080024dc       0x1c coder_assumptions_rtiostream.c.o
                0x080024dc                coderAssumpTgtAppSvcGetBufferDataPtr
 .text.coderAssumpTgtAppSvcSend
                0x080024f8       0x24 coder_assumptions_rtiostream.c.o
                0x080024f8                coderAssumpTgtAppSvcSend
 .text.PILmain  0x0800251c       0x90 pil_main.c.o
                0x0800251c                PILmain
 .text.main     0x080025ac       0x32 pil_main.c.o
                0x080025ac                main
 *fill*         0x080025de        0x2 
 .text.rtIOStreamOpen
                0x080025e0       0x44 rtiostream_serial.c.o
                0x080025e0                rtIOStreamOpen
 .text.rtIOStreamSend
                0x08002624       0x38 rtiostream_serial.c.o
                0x08002624                rtIOStreamSend
 .text.rtIOStreamRecv
                0x0800265c       0x48 rtiostream_serial.c.o
                0x0800265c                rtIOStreamRecv
 .text.rtIOStreamClose
                0x080026a4       0x20 rtiostream_serial.c.o
                0x080026a4                rtIOStreamClose
 .text.__NVIC_GetPriorityGrouping
                0x080026c4       0x1c stm_usart.c.o
 .text.__NVIC_EnableIRQ
                0x080026e0       0x3c stm_usart.c.o
 .text.__NVIC_SetPriority
                0x0800271c       0x54 stm_usart.c.o
 .text.NVIC_EncodePriority
                0x08002770       0x66 stm_usart.c.o
 *fill*         0x080027d6        0x2 
 .text.LL_DMA_EnableStream
                0x080027d8       0x44 stm_usart.c.o
 .text.LL_DMA_DisableStream
                0x0800281c       0x44 stm_usart.c.o
 .text.LL_DMA_GetMode
                0x08002860       0x34 stm_usart.c.o
 .text.LL_DMA_SetDataLength
                0x08002894       0x50 stm_usart.c.o
 .text.LL_DMA_GetDataLength
                0x080028e4       0x30 stm_usart.c.o
 .text.LL_DMA_ConfigAddresses
                0x08002914       0x7c stm_usart.c.o
 .text.LL_DMA_IsActiveFlag_TC0
                0x08002990       0x26 stm_usart.c.o
 .text.LL_DMA_ClearFlag_TC0
                0x080029b6       0x1a stm_usart.c.o
 .text.LL_DMA_EnableIT_TC
                0x080029d0       0x44 stm_usart.c.o
 .text.LL_DMA_DisableIT_TC
                0x08002a14       0x44 stm_usart.c.o
 .text.LL_DMA_IsEnabledIT_TC
                0x08002a58       0x3c stm_usart.c.o
 .text.LL_USART_Enable
                0x08002a94       0x20 stm_usart.c.o
 .text.LL_USART_Disable
                0x08002ab4       0x20 stm_usart.c.o
 .text.LL_USART_IsEnabledAutoBaud
                0x08002ad4       0x28 stm_usart.c.o
 .text.LL_USART_IsActiveFlag_PE
                0x08002afc       0x26 stm_usart.c.o
 .text.LL_USART_IsActiveFlag_FE
                0x08002b22       0x26 stm_usart.c.o
 .text.LL_USART_IsActiveFlag_NE
                0x08002b48       0x26 stm_usart.c.o
 .text.LL_USART_IsActiveFlag_ORE
                0x08002b6e       0x26 stm_usart.c.o
 .text.LL_USART_IsActiveFlag_TC
                0x08002b94       0x26 stm_usart.c.o
 .text.LL_USART_IsActiveFlag_TXE_TXFNF
                0x08002bba       0x26 stm_usart.c.o
 .text.LL_USART_IsActiveFlag_ABRE
                0x08002be0       0x28 stm_usart.c.o
 .text.LL_USART_IsActiveFlag_ABR
                0x08002c08       0x28 stm_usart.c.o
 .text.LL_USART_ClearFlag_PE
                0x08002c30       0x1a stm_usart.c.o
 .text.LL_USART_ClearFlag_FE
                0x08002c4a       0x1a stm_usart.c.o
 .text.LL_USART_ClearFlag_NE
                0x08002c64       0x1a stm_usart.c.o
 .text.LL_USART_ClearFlag_ORE
                0x08002c7e       0x1a stm_usart.c.o
 .text.LL_USART_ClearFlag_IDLE
                0x08002c98       0x1a stm_usart.c.o
 .text.LL_USART_EnableIT_RXNE_RXFNE
                0x08002cb2       0x42 stm_usart.c.o
 .text.LL_USART_EnableIT_PE
                0x08002cf4       0x42 stm_usart.c.o
 .text.LL_USART_EnableIT_ERROR
                0x08002d36       0x46 stm_usart.c.o
 .text.LL_USART_DisableIT_IDLE
                0x08002d7c       0x42 stm_usart.c.o
 .text.LL_USART_DisableIT_RXNE_RXFNE
                0x08002dbe       0x42 stm_usart.c.o
 .text.LL_USART_DisableIT_TXE_TXFNF
                0x08002e00       0x42 stm_usart.c.o
 .text.LL_USART_DisableIT_PE
                0x08002e42       0x42 stm_usart.c.o
 .text.LL_USART_DisableIT_ERROR
                0x08002e84       0x46 stm_usart.c.o
 .text.LL_USART_EnableDMAReq_RX
                0x08002eca       0x46 stm_usart.c.o
 .text.LL_USART_DisableDMAReq_RX
                0x08002f10       0x46 stm_usart.c.o
 .text.LL_USART_EnableDMAReq_TX
                0x08002f56       0x46 stm_usart.c.o
 .text.LL_USART_DisableDMAReq_TX
                0x08002f9c       0x46 stm_usart.c.o
 .text.LL_USART_DMA_GetRegAddr
                0x08002fe2       0x2c stm_usart.c.o
 .text.LL_USART_ReceiveData8
                0x0800300e       0x1a stm_usart.c.o
 .text.LL_USART_TransmitData8
                0x08003028       0x1e stm_usart.c.o
 .text.LL_USART_RequestAutoBaudRate
                0x08003046       0x20 stm_usart.c.o
 .text.getAvailableDataInBuffer
                0x08003066       0xcc stm_usart.c.o
                0x08003066                getAvailableDataInBuffer
 .text.getBytesToBeReadFromBuffer
                0x08003132       0x6e stm_usart.c.o
                0x08003132                getBytesToBeReadFromBuffer
 .text.readDataFromBuffer
                0x080031a0       0xcc stm_usart.c.o
                0x080031a0                readDataFromBuffer
 .text.UART_RXDMAInterruptHandler
                0x0800326c       0xd4 stm_usart.c.o
                0x0800326c                UART_RXDMAInterruptHandler
 .text.UART_IsActiveFlagError
                0x08003340      0x108 stm_usart.c.o
                0x08003340                UART_IsActiveFlagError
 .text.USART3_IRQHandler
                0x08003448       0x14 stm_usart.c.o
                0x08003448                USART3_IRQHandler
 .text.DMA1_Stream0_IRQHandler
                0x0800345c       0x20 stm_usart.c.o
                0x0800345c                DMA1_Stream0_IRQHandler
 .text.UART_ConfigureReceiveDMA
                0x0800347c       0x8a stm_usart.c.o
                0x0800347c                UART_ConfigureReceiveDMA
 .text.UART_ConfigureTransmitDMA
                0x08003506       0x56 stm_usart.c.o
                0x08003506                UART_ConfigureTransmitDMA
 .text.getReadErrorStatus
                0x0800355c      0x198 stm_usart.c.o
                0x0800355c                getReadErrorStatus
 .text.MW_UART_Initialize
                0x080036f4      0x198 stm_usart.c.o
                0x080036f4                MW_UART_Initialize
 .text.MW_UART_ReceiveUsingBuffer
                0x0800388c       0x5c stm_usart.c.o
                0x0800388c                MW_UART_ReceiveUsingBuffer
 .text.MW_UART_TransmitUsingPolling
                0x080038e8      0x184 stm_usart.c.o
                0x080038e8                MW_UART_TransmitUsingPolling
 .text.MW_UART_DeInit
                0x08003a6c       0xaa stm_usart.c.o
                0x08003a6c                MW_UART_DeInit
 *fill*         0x08003b16        0x2 
 .text.PeriphCommonClock_Config
                0x08003b18       0x10 platform_timer.c.o
                0x08003b18                PeriphCommonClock_Config
 .text.getCurrentTimestampInMicros
                0x08003b28       0x40 platform_timer.c.o
                0x08003b28                getCurrentTimestampInMicros
 .text.returnTimeElapsed
                0x08003b68       0x2c platform_timer.c.o
                0x08003b68                returnTimeElapsed
 .text.__NVIC_GetPriorityGrouping
                0x08003b94       0x1c main.c.o
 .text.__NVIC_EnableIRQ
                0x08003bb0       0x3c main.c.o
 .text.__NVIC_SetPriority
                0x08003bec       0x54 main.c.o
 .text.NVIC_EncodePriority
                0x08003c40       0x66 main.c.o
 *fill*         0x08003ca6        0x2 
 .text.LL_DMA_SetDataTransferDirection
                0x08003ca8       0x4c main.c.o
 .text.LL_DMA_SetMode
                0x08003cf4       0x4c main.c.o
 .text.LL_DMA_SetPeriphIncMode
                0x08003d40       0x4c main.c.o
 .text.LL_DMA_SetMemoryIncMode
                0x08003d8c       0x4c main.c.o
 .text.LL_DMA_SetPeriphSize
                0x08003dd8       0x4c main.c.o
 .text.LL_DMA_SetMemorySize
                0x08003e24       0x4c main.c.o
 .text.LL_DMA_SetStreamPriorityLevel
                0x08003e70       0x4c main.c.o
 .text.LL_DMA_SetPeriphRequest
                0x08003ebc       0x60 main.c.o
 .text.LL_DMA_DisableFifoMode
                0x08003f1c       0x44 main.c.o
 .text.LL_RCC_HSE_EnableBypass
                0x08003f60       0x20 main.c.o
 .text.LL_RCC_HSE_Enable
                0x08003f80       0x20 main.c.o
 .text.LL_RCC_HSE_IsReady
                0x08003fa0       0x28 main.c.o
 .text.LL_RCC_HSI48_Enable
                0x08003fc8       0x20 main.c.o
 .text.LL_RCC_HSI48_IsReady
                0x08003fe8       0x28 main.c.o
 .text.LL_RCC_SetSysClkSource
                0x08004010       0x28 main.c.o
 .text.LL_RCC_GetSysClkSource
                0x08004038       0x1c main.c.o
 .text.LL_RCC_SetSysPrescaler
                0x08004054       0x28 main.c.o
 .text.LL_RCC_SetAHBPrescaler
                0x0800407c       0x28 main.c.o
 .text.LL_RCC_SetAPB1Prescaler
                0x080040a4       0x28 main.c.o
 .text.LL_RCC_SetAPB2Prescaler
                0x080040cc       0x28 main.c.o
 .text.LL_RCC_SetAPB3Prescaler
                0x080040f4       0x28 main.c.o
 .text.LL_RCC_SetAPB4Prescaler
                0x0800411c       0x28 main.c.o
 .text.LL_RCC_SetClockSource
                0x08004144       0x54 main.c.o
 .text.LL_RCC_SetUSARTClockSource
                0x08004198       0x16 main.c.o
 *fill*         0x080041ae        0x2 
 .text.LL_RCC_PLL_SetSource
                0x080041b0       0x28 main.c.o
 .text.LL_RCC_PLL1_Enable
                0x080041d8       0x20 main.c.o
 .text.LL_RCC_PLL1_IsReady
                0x080041f8       0x28 main.c.o
 .text.LL_RCC_PLL1P_Enable
                0x08004220       0x20 main.c.o
 .text.LL_RCC_PLL1R_Enable
                0x08004240       0x20 main.c.o
 .text.LL_RCC_PLL1_SetVCOOutputRange
                0x08004260       0x2c main.c.o
 .text.LL_RCC_PLL1_SetVCOInputRange
                0x0800428c       0x2c main.c.o
 .text.LL_RCC_PLL1_SetN
                0x080042b8       0x30 main.c.o
 .text.LL_RCC_PLL1_SetM
                0x080042e8       0x2c main.c.o
 .text.LL_RCC_PLL1_SetP
                0x08004314       0x2c main.c.o
 .text.LL_RCC_PLL1_SetQ
                0x08004340       0x2c main.c.o
 .text.LL_RCC_PLL1_SetR
                0x0800436c       0x2c main.c.o
 .text.LL_AHB1_GRP1_EnableClock
                0x08004398       0x38 main.c.o
 .text.LL_AHB4_GRP1_EnableClock
                0x080043d0       0x38 main.c.o
 .text.LL_APB1_GRP1_EnableClock
                0x08004408       0x38 main.c.o
 .text.LL_SYSCFG_SetEXTISource
                0x08004440       0x70 main.c.o
 .text.LL_FLASH_SetLatency
                0x080044b0       0x28 main.c.o
 .text.LL_FLASH_GetLatency
                0x080044d8       0x1c main.c.o
 .text.LL_PWR_ConfigSupply
                0x080044f4       0x28 main.c.o
 .text.LL_PWR_SetRegulVoltageScaling
                0x0800451c       0x28 main.c.o
 .text.LL_PWR_IsActiveFlag_VOS
                0x08004544       0x28 main.c.o
 .text.LL_USART_Enable
                0x0800456c       0x20 main.c.o
 .text.LL_USART_DisableFIFO
                0x0800458c       0x20 main.c.o
 .text.LL_USART_SetTXFIFOThreshold
                0x080045ac       0x4e main.c.o
 .text.LL_USART_SetRXFIFOThreshold
                0x080045fa       0x4e main.c.o
 .text.LL_USART_ConfigAsyncMode
                0x08004648       0x2c main.c.o
 .text.LL_USART_IsActiveFlag_TEACK
                0x08004674       0x28 main.c.o
 .text.LL_USART_IsActiveFlag_REACK
                0x0800469c       0x28 main.c.o
 .text.LL_GPIO_SetPinMode
                0x080046c4       0x40 main.c.o
 .text.LL_GPIO_SetPinPull
                0x08004704       0x40 main.c.o
 .text.LL_GPIO_ResetOutputPin
                0x08004744       0x1e main.c.o
 *fill*         0x08004762        0x2 
 .text.SystemClock_Config
                0x08004764       0xf8 main.c.o
                0x08004764                SystemClock_Config
 .text.MX_USART3_UART_Init
                0x0800485c      0x13c main.c.o
                0x0800485c                MX_USART3_UART_Init
 .text.MX_USB_OTG_HS_USB_Init
                0x08004998        0xe main.c.o
                0x08004998                MX_USB_OTG_HS_USB_Init
 .text.MX_DMA_Init
                0x080049a6       0x2e main.c.o
                0x080049a6                MX_DMA_Init
 .text.MX_GPIO_Init
                0x080049d4      0x210 main.c.o
                0x080049d4                MX_GPIO_Init
 .text.HAL_TIM_PeriodElapsedCallback
                0x08004be4       0x24 main.c.o
                0x08004be4                HAL_TIM_PeriodElapsedCallback
 .text.Error_Handler
                0x08004c08        0xc main.c.o
                0x08004c08                Error_Handler
 .text.NMI_Handler
                0x08004c14        0x8 stm32h7xx_it.c.o
                0x08004c14                NMI_Handler
 .text.HardFault_Handler
                0x08004c1c        0x8 stm32h7xx_it.c.o
                0x08004c1c                HardFault_Handler
 .text.MemManage_Handler
                0x08004c24        0x8 stm32h7xx_it.c.o
                0x08004c24                MemManage_Handler
 .text.BusFault_Handler
                0x08004c2c        0x8 stm32h7xx_it.c.o
                0x08004c2c                BusFault_Handler
 .text.UsageFault_Handler
                0x08004c34        0x8 stm32h7xx_it.c.o
                0x08004c34                UsageFault_Handler
 .text.SVC_Handler
                0x08004c3c        0xe stm32h7xx_it.c.o
                0x08004c3c                SVC_Handler
 .text.DebugMon_Handler
                0x08004c4a        0xe stm32h7xx_it.c.o
                0x08004c4a                DebugMon_Handler
 .text.PendSV_Handler
                0x08004c58        0xe stm32h7xx_it.c.o
                0x08004c58                PendSV_Handler
 .text.SysTick_Handler
                0x08004c66        0xe stm32h7xx_it.c.o
                0x08004c66                SysTick_Handler
 .text.TIM5_IRQHandler
                0x08004c74       0x14 stm32h7xx_it.c.o
                0x08004c74                TIM5_IRQHandler
 .text.HAL_MspInit
                0x08004c88       0x34 stm32h7xx_hal_msp.c.o
                0x08004c88                HAL_MspInit
 .text.HAL_InitTick
                0x08004cbc       0xd8 stm32h7xx_hal_timebase_tim.c.o
                0x08004cbc                HAL_InitTick
 .text.LL_EXTI_EnableIT_0_31
                0x08004d94       0x28 stm32h7xx_ll_exti.c.o
 .text.LL_EXTI_EnableIT_32_63
                0x08004dbc       0x28 stm32h7xx_ll_exti.c.o
 .text.LL_EXTI_EnableIT_64_95
                0x08004de4       0x28 stm32h7xx_ll_exti.c.o
 .text.LL_EXTI_DisableIT_0_31
                0x08004e0c       0x2a stm32h7xx_ll_exti.c.o
 .text.LL_EXTI_DisableIT_32_63
                0x08004e36       0x2a stm32h7xx_ll_exti.c.o
 .text.LL_EXTI_DisableIT_64_95
                0x08004e60       0x2a stm32h7xx_ll_exti.c.o
 .text.LL_EXTI_EnableEvent_0_31
                0x08004e8a       0x28 stm32h7xx_ll_exti.c.o
 .text.LL_EXTI_EnableEvent_32_63
                0x08004eb2       0x28 stm32h7xx_ll_exti.c.o
 .text.LL_EXTI_EnableEvent_64_95
                0x08004eda       0x28 stm32h7xx_ll_exti.c.o
 .text.LL_EXTI_DisableEvent_0_31
                0x08004f02       0x2a stm32h7xx_ll_exti.c.o
 .text.LL_EXTI_DisableEvent_32_63
                0x08004f2c       0x2a stm32h7xx_ll_exti.c.o
 .text.LL_EXTI_DisableEvent_64_95
                0x08004f56       0x2a stm32h7xx_ll_exti.c.o
 .text.LL_EXTI_EnableRisingTrig_0_31
                0x08004f80       0x24 stm32h7xx_ll_exti.c.o
 .text.LL_EXTI_EnableRisingTrig_32_63
                0x08004fa4       0x24 stm32h7xx_ll_exti.c.o
 .text.LL_EXTI_EnableRisingTrig_64_95
                0x08004fc8       0x24 stm32h7xx_ll_exti.c.o
 .text.LL_EXTI_DisableRisingTrig_0_31
                0x08004fec       0x26 stm32h7xx_ll_exti.c.o
 .text.LL_EXTI_DisableRisingTrig_32_63
                0x08005012       0x26 stm32h7xx_ll_exti.c.o
 .text.LL_EXTI_DisableRisingTrig_64_95
                0x08005038       0x26 stm32h7xx_ll_exti.c.o
 .text.LL_EXTI_EnableFallingTrig_0_31
                0x0800505e       0x24 stm32h7xx_ll_exti.c.o
 .text.LL_EXTI_EnableFallingTrig_32_63
                0x08005082       0x24 stm32h7xx_ll_exti.c.o
 .text.LL_EXTI_EnableFallingTrig_64_95
                0x080050a6       0x24 stm32h7xx_ll_exti.c.o
 .text.LL_EXTI_DisableFallingTrig_0_31
                0x080050ca       0x26 stm32h7xx_ll_exti.c.o
 .text.LL_EXTI_DisableFallingTrig_32_63
                0x080050f0       0x26 stm32h7xx_ll_exti.c.o
 .text.LL_EXTI_DisableFallingTrig_64_95
                0x08005116       0x26 stm32h7xx_ll_exti.c.o
 .text.LL_EXTI_Init
                0x0800513c      0x272 stm32h7xx_ll_exti.c.o
                0x0800513c                LL_EXTI_Init
 .text.LL_GPIO_SetPinMode
                0x080053ae       0x40 stm32h7xx_ll_gpio.c.o
 .text.LL_GPIO_SetPinOutputType
                0x080053ee       0x30 stm32h7xx_ll_gpio.c.o
 .text.LL_GPIO_SetPinSpeed
                0x0800541e       0x40 stm32h7xx_ll_gpio.c.o
 .text.LL_GPIO_SetPinPull
                0x0800545e       0x40 stm32h7xx_ll_gpio.c.o
 .text.LL_GPIO_SetAFPin_0_7
                0x0800549e       0x58 stm32h7xx_ll_gpio.c.o
 .text.LL_GPIO_SetAFPin_8_15
                0x080054f6       0x6c stm32h7xx_ll_gpio.c.o
 .text.LL_GPIO_Init
                0x08005562       0xdc stm32h7xx_ll_gpio.c.o
                0x08005562                LL_GPIO_Init
 *fill*         0x0800563e        0x2 
 .text.LL_RCC_HSE_IsReady
                0x08005640       0x28 stm32h7xx_ll_rcc.c.o
 .text.LL_RCC_HSI_IsReady
                0x08005668       0x24 stm32h7xx_ll_rcc.c.o
 .text.LL_RCC_HSI_GetDivider
                0x0800568c       0x1c stm32h7xx_ll_rcc.c.o
 .text.LL_RCC_CSI_IsReady
                0x080056a8       0x28 stm32h7xx_ll_rcc.c.o
 .text.LL_RCC_LSE_IsReady
                0x080056d0       0x24 stm32h7xx_ll_rcc.c.o
 .text.LL_RCC_GetSysClkSource
                0x080056f4       0x1c stm32h7xx_ll_rcc.c.o
 .text.LL_RCC_GetSysPrescaler
                0x08005710       0x1c stm32h7xx_ll_rcc.c.o
 .text.LL_RCC_GetAHBPrescaler
                0x0800572c       0x1c stm32h7xx_ll_rcc.c.o
 .text.LL_RCC_GetAPB1Prescaler
                0x08005748       0x1c stm32h7xx_ll_rcc.c.o
 .text.LL_RCC_GetAPB2Prescaler
                0x08005764       0x1c stm32h7xx_ll_rcc.c.o
 .text.LL_RCC_GetClockSource
                0x08005780       0x4c stm32h7xx_ll_rcc.c.o
 .text.LL_RCC_GetUSARTClockSource
                0x080057cc       0x18 stm32h7xx_ll_rcc.c.o
 .text.LL_RCC_PLL_GetSource
                0x080057e4       0x1c stm32h7xx_ll_rcc.c.o
 .text.LL_RCC_PLL1P_IsEnabled
                0x08005800       0x28 stm32h7xx_ll_rcc.c.o
 .text.LL_RCC_PLL1Q_IsEnabled
                0x08005828       0x28 stm32h7xx_ll_rcc.c.o
 .text.LL_RCC_PLL1R_IsEnabled
                0x08005850       0x28 stm32h7xx_ll_rcc.c.o
 .text.LL_RCC_PLL1FRACN_IsEnabled
                0x08005878       0x24 stm32h7xx_ll_rcc.c.o
 .text.LL_RCC_PLL1_GetN
                0x0800589c       0x1c stm32h7xx_ll_rcc.c.o
 .text.LL_RCC_PLL1_GetM
                0x080058b8       0x1c stm32h7xx_ll_rcc.c.o
 .text.LL_RCC_PLL1_GetP
                0x080058d4       0x20 stm32h7xx_ll_rcc.c.o
 .text.LL_RCC_PLL1_GetQ
                0x080058f4       0x20 stm32h7xx_ll_rcc.c.o
 .text.LL_RCC_PLL1_GetR
                0x08005914       0x20 stm32h7xx_ll_rcc.c.o
 .text.LL_RCC_PLL1_GetFRACN
                0x08005934       0x1c stm32h7xx_ll_rcc.c.o
 .text.LL_RCC_PLL2_IsReady
                0x08005950       0x28 stm32h7xx_ll_rcc.c.o
 .text.LL_RCC_PLL2P_IsEnabled
                0x08005978       0x28 stm32h7xx_ll_rcc.c.o
 .text.LL_RCC_PLL2Q_IsEnabled
                0x080059a0       0x28 stm32h7xx_ll_rcc.c.o
 .text.LL_RCC_PLL2R_IsEnabled
                0x080059c8       0x28 stm32h7xx_ll_rcc.c.o
 .text.LL_RCC_PLL2FRACN_IsEnabled
                0x080059f0       0x24 stm32h7xx_ll_rcc.c.o
 .text.LL_RCC_PLL2_GetN
                0x08005a14       0x1c stm32h7xx_ll_rcc.c.o
 .text.LL_RCC_PLL2_GetM
                0x08005a30       0x1c stm32h7xx_ll_rcc.c.o
 .text.LL_RCC_PLL2_GetP
                0x08005a4c       0x20 stm32h7xx_ll_rcc.c.o
 .text.LL_RCC_PLL2_GetQ
                0x08005a6c       0x20 stm32h7xx_ll_rcc.c.o
 .text.LL_RCC_PLL2_GetR
                0x08005a8c       0x20 stm32h7xx_ll_rcc.c.o
 .text.LL_RCC_PLL2_GetFRACN
                0x08005aac       0x1c stm32h7xx_ll_rcc.c.o
 .text.LL_RCC_PLL3_IsReady
                0x08005ac8       0x28 stm32h7xx_ll_rcc.c.o
 .text.LL_RCC_PLL3P_IsEnabled
                0x08005af0       0x28 stm32h7xx_ll_rcc.c.o
 .text.LL_RCC_PLL3Q_IsEnabled
                0x08005b18       0x28 stm32h7xx_ll_rcc.c.o
 .text.LL_RCC_PLL3R_IsEnabled
                0x08005b40       0x28 stm32h7xx_ll_rcc.c.o
 .text.LL_RCC_PLL3FRACN_IsEnabled
                0x08005b68       0x28 stm32h7xx_ll_rcc.c.o
 .text.LL_RCC_PLL3_GetN
                0x08005b90       0x1c stm32h7xx_ll_rcc.c.o
 .text.LL_RCC_PLL3_GetM
                0x08005bac       0x1c stm32h7xx_ll_rcc.c.o
 .text.LL_RCC_PLL3_GetP
                0x08005bc8       0x20 stm32h7xx_ll_rcc.c.o
 .text.LL_RCC_PLL3_GetQ
                0x08005be8       0x20 stm32h7xx_ll_rcc.c.o
 .text.LL_RCC_PLL3_GetR
                0x08005c08       0x20 stm32h7xx_ll_rcc.c.o
 .text.LL_RCC_PLL3_GetFRACN
                0x08005c28       0x1c stm32h7xx_ll_rcc.c.o
 .text.LL_RCC_GetPLL1ClockFreq
                0x08005c44      0x130 stm32h7xx_ll_rcc.c.o
                0x08005c44                LL_RCC_GetPLL1ClockFreq
 .text.LL_RCC_GetPLL2ClockFreq
                0x08005d74      0x130 stm32h7xx_ll_rcc.c.o
                0x08005d74                LL_RCC_GetPLL2ClockFreq
 .text.LL_RCC_GetPLL3ClockFreq
                0x08005ea4      0x134 stm32h7xx_ll_rcc.c.o
                0x08005ea4                LL_RCC_GetPLL3ClockFreq
 .text.LL_RCC_CalcPLLClockFreq
                0x08005fd8       0x80 stm32h7xx_ll_rcc.c.o
                0x08005fd8                LL_RCC_CalcPLLClockFreq
 .text.LL_RCC_GetUSARTClockFreq
                0x08006058      0x1dc stm32h7xx_ll_rcc.c.o
                0x08006058                LL_RCC_GetUSARTClockFreq
 .text.RCC_GetSystemClockFreq
                0x08006234       0xc4 stm32h7xx_ll_rcc.c.o
 .text.RCC_GetHCLKClockFreq
                0x080062f8       0x2c stm32h7xx_ll_rcc.c.o
 .text.RCC_GetPCLK1ClockFreq
                0x08006324       0x30 stm32h7xx_ll_rcc.c.o
 .text.RCC_GetPCLK2ClockFreq
                0x08006354       0x30 stm32h7xx_ll_rcc.c.o
 .text.LL_SetSystemCoreClock
                0x08006384       0x20 stm32h7xx_ll_utils.c.o
                0x08006384                LL_SetSystemCoreClock
 .text.HAL_RCC_GetSysClockFreq
                0x080063a4      0x2f4 stm32h7xx_hal_rcc.c.o
                0x080063a4                HAL_RCC_GetSysClockFreq
 .text.HAL_RCC_GetHCLKFreq
                0x08006698       0x60 stm32h7xx_hal_rcc.c.o
                0x08006698                HAL_RCC_GetHCLKFreq
 .text.HAL_RCC_GetPCLK1Freq
                0x080066f8       0x2c stm32h7xx_hal_rcc.c.o
                0x080066f8                HAL_RCC_GetPCLK1Freq
 .text.HAL_RCC_GetClockConfig
                0x08006724       0x84 stm32h7xx_hal_rcc.c.o
                0x08006724                HAL_RCC_GetClockConfig
 .text.__NVIC_SetPriorityGrouping
                0x080067a8       0x48 stm32h7xx_hal_cortex.c.o
 .text.__NVIC_GetPriorityGrouping
                0x080067f0       0x1c stm32h7xx_hal_cortex.c.o
 .text.__NVIC_EnableIRQ
                0x0800680c       0x3c stm32h7xx_hal_cortex.c.o
 .text.__NVIC_SetPriority
                0x08006848       0x54 stm32h7xx_hal_cortex.c.o
 .text.NVIC_EncodePriority
                0x0800689c       0x66 stm32h7xx_hal_cortex.c.o
 .text.HAL_NVIC_SetPriorityGrouping
                0x08006902       0x16 stm32h7xx_hal_cortex.c.o
                0x08006902                HAL_NVIC_SetPriorityGrouping
 .text.HAL_NVIC_SetPriority
                0x08006918       0x34 stm32h7xx_hal_cortex.c.o
                0x08006918                HAL_NVIC_SetPriority
 .text.HAL_NVIC_EnableIRQ
                0x0800694c       0x1c stm32h7xx_hal_cortex.c.o
                0x0800694c                HAL_NVIC_EnableIRQ
 .text.HAL_Init
                0x08006968       0x78 stm32h7xx_hal.c.o
                0x08006968                HAL_Init
 .text.HAL_IncTick
                0x080069e0       0x28 stm32h7xx_hal.c.o
                0x080069e0                HAL_IncTick
 .text.HAL_GetTick
                0x08006a08       0x18 stm32h7xx_hal.c.o
                0x08006a08                HAL_GetTick
 .text.HAL_TIM_Base_Init
                0x08006a20       0xae stm32h7xx_hal_tim.c.o
                0x08006a20                HAL_TIM_Base_Init
 .text.HAL_TIM_Base_MspInit
                0x08006ace       0x14 stm32h7xx_hal_tim.c.o
                0x08006ace                HAL_TIM_Base_MspInit
 *fill*         0x08006ae2        0x2 
 .text.HAL_TIM_Base_Start_IT
                0x08006ae4      0x10c stm32h7xx_hal_tim.c.o
                0x08006ae4                HAL_TIM_Base_Start_IT
 .text.HAL_TIM_IRQHandler
                0x08006bf0      0x20e stm32h7xx_hal_tim.c.o
                0x08006bf0                HAL_TIM_IRQHandler
 .text.HAL_TIM_OC_DelayElapsedCallback
                0x08006dfe       0x14 stm32h7xx_hal_tim.c.o
                0x08006dfe                HAL_TIM_OC_DelayElapsedCallback
 .text.HAL_TIM_IC_CaptureCallback
                0x08006e12       0x14 stm32h7xx_hal_tim.c.o
                0x08006e12                HAL_TIM_IC_CaptureCallback
 .text.HAL_TIM_PWM_PulseFinishedCallback
                0x08006e26       0x14 stm32h7xx_hal_tim.c.o
                0x08006e26                HAL_TIM_PWM_PulseFinishedCallback
 .text.HAL_TIM_TriggerCallback
                0x08006e3a       0x14 stm32h7xx_hal_tim.c.o
                0x08006e3a                HAL_TIM_TriggerCallback
 *fill*         0x08006e4e        0x2 
 .text.TIM_Base_SetConfig
                0x08006e50      0x164 stm32h7xx_hal_tim.c.o
                0x08006e50                TIM_Base_SetConfig
 .text.HAL_TIMEx_CommutCallback
                0x08006fb4       0x14 stm32h7xx_hal_tim_ex.c.o
                0x08006fb4                HAL_TIMEx_CommutCallback
 .text.HAL_TIMEx_BreakCallback
                0x08006fc8       0x14 stm32h7xx_hal_tim_ex.c.o
                0x08006fc8                HAL_TIMEx_BreakCallback
 .text.HAL_TIMEx_Break2Callback
                0x08006fdc       0x14 stm32h7xx_hal_tim_ex.c.o
                0x08006fdc                HAL_TIMEx_Break2Callback
 .text.LL_USART_IsEnabled
                0x08006ff0       0x26 stm32h7xx_ll_usart.c.o
 .text.LL_USART_SetPrescaler
                0x08007016       0x28 stm32h7xx_ll_usart.c.o
 .text.LL_USART_SetStopBitsLength
                0x0800703e       0x26 stm32h7xx_ll_usart.c.o
 .text.LL_USART_SetHWFlowCtrl
                0x08007064       0x26 stm32h7xx_ll_usart.c.o
 *fill*         0x0800708a        0x2 
 .text.LL_USART_SetBaudRate
                0x0800708c       0xa0 stm32h7xx_ll_usart.c.o
 .text.LL_USART_Init
                0x0800712c      0x184 stm32h7xx_ll_usart.c.o
                0x0800712c                LL_USART_Init
 .text.SystemInit
                0x080072b0       0xf0 system_stm32h7xx.c.o
                0x080072b0                SystemInit
 .text.Reset_Handler
                0x080073a0       0x50 startup_stm32h723zgtx.s.o
                0x080073a0                Reset_Handler
 .text.Default_Handler
                0x080073f0        0x2 startup_stm32h723zgtx.s.o
                0x080073f0                RTC_Alarm_IRQHandler
                0x080073f0                EXTI2_IRQHandler
                0x080073f0                TIM8_CC_IRQHandler
                0x080073f0                UART8_IRQHandler
                0x080073f0                SPI4_IRQHandler
                0x080073f0                FDCAN3_IT0_IRQHandler
                0x080073f0                TIM1_CC_IRQHandler
                0x080073f0                BDMA_Channel6_IRQHandler
                0x080073f0                DMA2_Stream5_IRQHandler
                0x080073f0                DMA1_Stream5_IRQHandler
                0x080073f0                CORDIC_IRQHandler
                0x080073f0                BDMA_Channel1_IRQHandler
                0x080073f0                TAMP_STAMP_IRQHandler
                0x080073f0                EXTI3_IRQHandler
                0x080073f0                LPTIM4_IRQHandler
                0x080073f0                TIM8_TRG_COM_TIM14_IRQHandler
                0x080073f0                LPTIM2_IRQHandler
                0x080073f0                DFSDM1_FLT1_IRQHandler
                0x080073f0                DMAMUX2_OVR_IRQHandler
                0x080073f0                TIM8_UP_TIM13_IRQHandler
                0x080073f0                I2C3_ER_IRQHandler
                0x080073f0                DFSDM1_FLT2_IRQHandler
                0x080073f0                I2C5_EV_IRQHandler
                0x080073f0                USART10_IRQHandler
                0x080073f0                MDMA_IRQHandler
                0x080073f0                LPTIM3_IRQHandler
                0x080073f0                HSEM1_IRQHandler
                0x080073f0                EXTI0_IRQHandler
                0x080073f0                I2C2_EV_IRQHandler
                0x080073f0                DMA1_Stream2_IRQHandler
                0x080073f0                FPU_IRQHandler
                0x080073f0                OTG_HS_WKUP_IRQHandler
                0x080073f0                FDCAN1_IT1_IRQHandler
                0x080073f0                LTDC_ER_IRQHandler
                0x080073f0                DMA2_Stream2_IRQHandler
                0x080073f0                SPI1_IRQHandler
                0x080073f0                OCTOSPI1_IRQHandler
                0x080073f0                TIM6_DAC_IRQHandler
                0x080073f0                DMA2_Stream3_IRQHandler
                0x080073f0                OCTOSPI2_IRQHandler
                0x080073f0                DFSDM1_FLT3_IRQHandler
                0x080073f0                TIM23_IRQHandler
                0x080073f0                USART6_IRQHandler
                0x080073f0                TIM17_IRQHandler
                0x080073f0                BDMA_Channel7_IRQHandler
                0x080073f0                LPTIM5_IRQHandler
                0x080073f0                UART5_IRQHandler
                0x080073f0                ADC3_IRQHandler
                0x080073f0                DMA2_Stream0_IRQHandler
                0x080073f0                TIM4_IRQHandler
                0x080073f0                BDMA_Channel2_IRQHandler
                0x080073f0                I2C1_EV_IRQHandler
                0x080073f0                DMA1_Stream6_IRQHandler
                0x080073f0                DMAMUX1_OVR_IRQHandler
                0x080073f0                DMA1_Stream1_IRQHandler
                0x080073f0                TIM16_IRQHandler
                0x080073f0                UART4_IRQHandler
                0x080073f0                BDMA_Channel5_IRQHandler
                0x080073f0                TIM3_IRQHandler
                0x080073f0                RCC_IRQHandler
                0x080073f0                UART9_IRQHandler
                0x080073f0                TIM8_BRK_TIM12_IRQHandler
                0x080073f0                TIM1_TRG_COM_IRQHandler
                0x080073f0                Default_Handler
                0x080073f0                ECC_IRQHandler
                0x080073f0                FMAC_IRQHandler
                0x080073f0                CEC_IRQHandler
                0x080073f0                EXTI15_10_IRQHandler
                0x080073f0                BDMA_Channel0_IRQHandler
                0x080073f0                ADC_IRQHandler
                0x080073f0                I2C5_ER_IRQHandler
                0x080073f0                DMA1_Stream7_IRQHandler
                0x080073f0                SPI5_IRQHandler
                0x080073f0                TIM7_IRQHandler
                0x080073f0                FDCAN3_IT1_IRQHandler
                0x080073f0                SDMMC1_IRQHandler
                0x080073f0                DMA2_Stream7_IRQHandler
                0x080073f0                TIM15_IRQHandler
                0x080073f0                PVD_AVD_IRQHandler
                0x080073f0                I2C3_EV_IRQHandler
                0x080073f0                EXTI9_5_IRQHandler
                0x080073f0                RTC_WKUP_IRQHandler
                0x080073f0                LTDC_IRQHandler
                0x080073f0                ETH_WKUP_IRQHandler
                0x080073f0                SPDIF_RX_IRQHandler
                0x080073f0                SPI2_IRQHandler
                0x080073f0                OTG_HS_EP1_IN_IRQHandler
                0x080073f0                TIM24_IRQHandler
                0x080073f0                CRS_IRQHandler
                0x080073f0                EXTI4_IRQHandler
                0x080073f0                RNG_IRQHandler
                0x080073f0                FDCAN2_IT1_IRQHandler
                0x080073f0                ETH_IRQHandler
                0x080073f0                TIM1_UP_IRQHandler
                0x080073f0                BDMA_Channel4_IRQHandler
                0x080073f0                OTG_HS_EP1_OUT_IRQHandler
                0x080073f0                WWDG_IRQHandler
                0x080073f0                SPI6_IRQHandler
                0x080073f0                MDIOS_IRQHandler
                0x080073f0                I2C4_EV_IRQHandler
                0x080073f0                FDCAN2_IT0_IRQHandler
                0x080073f0                LPUART1_IRQHandler
                0x080073f0                FDCAN1_IT0_IRQHandler
                0x080073f0                TIM2_IRQHandler
                0x080073f0                OTG_HS_IRQHandler
                0x080073f0                DMA2D_IRQHandler
                0x080073f0                TIM1_BRK_IRQHandler
                0x080073f0                EXTI1_IRQHandler
                0x080073f0                SDMMC2_IRQHandler
                0x080073f0                BDMA_Channel3_IRQHandler
                0x080073f0                DTS_IRQHandler
                0x080073f0                UART7_IRQHandler
                0x080073f0                MDIOS_WKUP_IRQHandler
                0x080073f0                USART2_IRQHandler
                0x080073f0                DFSDM1_FLT0_IRQHandler
                0x080073f0                SAI4_IRQHandler
                0x080073f0                I2C2_ER_IRQHandler
                0x080073f0                DMA2_Stream1_IRQHandler
                0x080073f0                FLASH_IRQHandler
                0x080073f0                DMA2_Stream4_IRQHandler
                0x080073f0                USART1_IRQHandler
                0x080073f0                SPI3_IRQHandler
                0x080073f0                WAKEUP_PIN_IRQHandler
                0x080073f0                DMA1_Stream4_IRQHandler
                0x080073f0                I2C1_ER_IRQHandler
                0x080073f0                FMC_IRQHandler
                0x080073f0                FDCAN_CAL_IRQHandler
                0x080073f0                SWPMI1_IRQHandler
                0x080073f0                COMP1_IRQHandler
                0x080073f0                LPTIM1_IRQHandler
                0x080073f0                DCMI_PSSI_IRQHandler
                0x080073f0                I2C4_ER_IRQHandler
                0x080073f0                DMA2_Stream6_IRQHandler
                0x080073f0                SAI1_IRQHandler
                0x080073f0                DMA1_Stream3_IRQHandler
 *fill*         0x080073f2        0x2 
 .text.Algorithm_to_deploy_Init
                0x080073f4       0x20 ../../../../slprj/ert/Algorithm_to_deploy/Algorithm_to_deploy_rtwlib.lib(Algorithm_to_deploy.c.o)
                0x080073f4                Algorithm_to_deploy_Init
 .text.Algorithm_to_deploy
                0x08007414     0x2cb0 ../../../../slprj/ert/Algorithm_to_deploy/Algorithm_to_deploy_rtwlib.lib(Algorithm_to_deploy.c.o)
                0x08007414                Algorithm_to_deploy
 .text.Algorithm_to_deploy_initialize
                0x0800a0c4       0x1c ../../../../slprj/ert/Algorithm_to_deploy/Algorithm_to_deploy_rtwlib.lib(Algorithm_to_deploy.c.o)
                0x0800a0c4                Algorithm_to_deploy_initialize
 .text.rt_atan2f_snf
                0x0800a0e0      0x114 C:/Users/robyd/Desktop/UNIVPM/MANUTE~1/Progetto/MPRAI_~1/slprj/ert/_sharedutils/rtwshared.lib(rt_atan2f_snf.c.o)
                0x0800a0e0                rt_atan2f_snf
 .text.rtIsInfF
                0x0800a1f4       0x44 C:/Users/robyd/Desktop/UNIVPM/MANUTE~1/Progetto/MPRAI_~1/slprj/ert/_sharedutils/rtwshared.lib(rt_nonfinite.c.o)
                0x0800a1f4                rtIsInfF
 .text.rtIsNaNF
                0x0800a238       0x2e C:/Users/robyd/Desktop/UNIVPM/MANUTE~1/Progetto/MPRAI_~1/slprj/ert/_sharedutils/rtwshared.lib(rt_nonfinite.c.o)
                0x0800a238                rtIsNaNF
 *fill*         0x0800a266        0x2 
 .text.Algorithm_to_deploy_caRunTests
                0x0800a268       0x30 C:/Users/robyd/Desktop/UNIVPM/MANUTE~1/Progetto/MPRAI_~1/slprj/ert/Algorithm_to_deploy/coderassumptions/lib/Algorithm_to_deploy_ca.lib(Algorithm_to_deploy_ca.c.o)
                0x0800a268                Algorithm_to_deploy_caRunTests
 .text.caVerifyChecks
                0x0800a298      0x2f0 C:/Users/robyd/Desktop/UNIVPM/MANUTE~1/Progetto/MPRAI_~1/slprj/ert/Algorithm_to_deploy/coderassumptions/lib/Algorithm_to_deploy_ca.lib(coder_assumptions_hwimpl.c.o)
                0x0800a298                caVerifyChecks
 .text.caVerifyPortableWordSizes
                0x0800a588       0x58 C:/Users/robyd/Desktop/UNIVPM/MANUTE~1/Progetto/MPRAI_~1/slprj/ert/Algorithm_to_deploy/coderassumptions/lib/Algorithm_to_deploy_ca.lib(coder_assumptions_hwimpl.c.o)
                0x0800a588                caVerifyPortableWordSizes
 .text.runMemoryChecks
                0x0800a5e0       0x54 C:/Users/robyd/Desktop/UNIVPM/MANUTE~1/Progetto/MPRAI_~1/slprj/ert/Algorithm_to_deploy/coderassumptions/lib/Algorithm_to_deploy_ca.lib(coder_assumptions_hwimpl.c.o)
 .text.runTest  0x0800a634       0x42 C:/Users/robyd/Desktop/UNIVPM/MANUTE~1/Progetto/MPRAI_~1/slprj/ert/Algorithm_to_deploy/coderassumptions/lib/Algorithm_to_deploy_ca.lib(coder_assumptions_hwimpl.c.o)
 .text.testPass
                0x0800a676       0x30 C:/Users/robyd/Desktop/UNIVPM/MANUTE~1/Progetto/MPRAI_~1/slprj/ert/Algorithm_to_deploy/coderassumptions/lib/Algorithm_to_deploy_ca.lib(coder_assumptions_hwimpl.c.o)
 .text.testFail
                0x0800a6a6       0x30 C:/Users/robyd/Desktop/UNIVPM/MANUTE~1/Progetto/MPRAI_~1/slprj/ert/Algorithm_to_deploy/coderassumptions/lib/Algorithm_to_deploy_ca.lib(coder_assumptions_hwimpl.c.o)
 .text.testWarn
                0x0800a6d6       0x30 C:/Users/robyd/Desktop/UNIVPM/MANUTE~1/Progetto/MPRAI_~1/slprj/ert/Algorithm_to_deploy/coderassumptions/lib/Algorithm_to_deploy_ca.lib(coder_assumptions_hwimpl.c.o)
 .text.testSkip
                0x0800a706       0x30 C:/Users/robyd/Desktop/UNIVPM/MANUTE~1/Progetto/MPRAI_~1/slprj/ert/Algorithm_to_deploy/coderassumptions/lib/Algorithm_to_deploy_ca.lib(coder_assumptions_hwimpl.c.o)
 .text.testReview
                0x0800a736       0x30 C:/Users/robyd/Desktop/UNIVPM/MANUTE~1/Progetto/MPRAI_~1/slprj/ert/Algorithm_to_deploy/coderassumptions/lib/Algorithm_to_deploy_ca.lib(coder_assumptions_hwimpl.c.o)
 .text.numBits  0x0800a766       0x44 C:/Users/robyd/Desktop/UNIVPM/MANUTE~1/Progetto/MPRAI_~1/slprj/ert/Algorithm_to_deploy/coderassumptions/lib/Algorithm_to_deploy_ca.lib(coder_assumptions_hwimpl.c.o)
 .text.getCPUInfo
                0x0800a7aa      0x234 C:/Users/robyd/Desktop/UNIVPM/MANUTE~1/Progetto/MPRAI_~1/slprj/ert/Algorithm_to_deploy/coderassumptions/lib/Algorithm_to_deploy_ca.lib(coder_assumptions_hwimpl.c.o)
 .text.getBitsPerMemUnit
                0x0800a9de       0x20 C:/Users/robyd/Desktop/UNIVPM/MANUTE~1/Progetto/MPRAI_~1/slprj/ert/Algorithm_to_deploy/coderassumptions/lib/Algorithm_to_deploy_ca.lib(coder_assumptions_hwimpl.c.o)
 *fill*         0x0800a9fe        0x2 
 .text.atan2f   0x0800aa00        0x4 C:/ProgramData/MATLAB/SupportPackages/R2025b/3P.instrset/gnuarm-armcortex.instrset/win/bin/../lib/gcc/arm-none-eabi/13.2.1/thumb/v7e-m+dp/hard\libm.a(libm_a-wf_atan2.o)
                0x0800aa00                atan2f
 .text.tanf     0x0800aa04       0x54 C:/ProgramData/MATLAB/SupportPackages/R2025b/3P.instrset/gnuarm-armcortex.instrset/win/bin/../lib/gcc/arm-none-eabi/13.2.1/thumb/v7e-m+dp/hard\libm.a(libm_a-sf_tan.o)
                0x0800aa04                tanf
 .text.sinf     0x0800aa58      0x1dc C:/ProgramData/MATLAB/SupportPackages/R2025b/3P.instrset/gnuarm-armcortex.instrset/win/bin/../lib/gcc/arm-none-eabi/13.2.1/thumb/v7e-m+dp/hard\libm.a(libm_a-sinf.o)
                0x0800aa58                sinf
 *fill*         0x0800ac34        0x4 
 .text.cosf     0x0800ac38      0x1d4 C:/ProgramData/MATLAB/SupportPackages/R2025b/3P.instrset/gnuarm-armcortex.instrset/win/bin/../lib/gcc/arm-none-eabi/13.2.1/thumb/v7e-m+dp/hard\libm.a(libm_a-cosf.o)
                0x0800ac38                cosf
 .text.with_errnof
                0x0800ae0c       0x1c C:/ProgramData/MATLAB/SupportPackages/R2025b/3P.instrset/gnuarm-armcortex.instrset/win/bin/../lib/gcc/arm-none-eabi/13.2.1/thumb/v7e-m+dp/hard\libm.a(libm_a-math_errf.o)
 .text.__math_invalidf
                0x0800ae28       0x20 C:/ProgramData/MATLAB/SupportPackages/R2025b/3P.instrset/gnuarm-armcortex.instrset/win/bin/../lib/gcc/arm-none-eabi/13.2.1/thumb/v7e-m+dp/hard\libm.a(libm_a-math_errf.o)
                0x0800ae28                __math_invalidf
 .text.__kernel_tanf
                0x0800ae48      0x1c0 C:/ProgramData/MATLAB/SupportPackages/R2025b/3P.instrset/gnuarm-armcortex.instrset/win/bin/../lib/gcc/arm-none-eabi/13.2.1/thumb/v7e-m+dp/hard\libm.a(libm_a-kf_tan.o)
                0x0800ae48                __kernel_tanf
 .text.__ieee754_atan2f
                0x0800b008      0x14c C:/ProgramData/MATLAB/SupportPackages/R2025b/3P.instrset/gnuarm-armcortex.instrset/win/bin/../lib/gcc/arm-none-eabi/13.2.1/thumb/v7e-m+dp/hard\libm.a(libm_a-ef_atan2.o)
                0x0800b008                __ieee754_atan2f
 .text.__ieee754_rem_pio2f
                0x0800b154      0x260 C:/ProgramData/MATLAB/SupportPackages/R2025b/3P.instrset/gnuarm-armcortex.instrset/win/bin/../lib/gcc/arm-none-eabi/13.2.1/thumb/v7e-m+dp/hard\libm.a(libm_a-ef_rem_pio2.o)
                0x0800b154                __ieee754_rem_pio2f
 .text.atanf    0x0800b3b4      0x1a4 C:/ProgramData/MATLAB/SupportPackages/R2025b/3P.instrset/gnuarm-armcortex.instrset/win/bin/../lib/gcc/arm-none-eabi/13.2.1/thumb/v7e-m+dp/hard\libm.a(libm_a-sf_atan.o)
                0x0800b3b4                atanf
 .text.fabsf    0x0800b558       0x10 C:/ProgramData/MATLAB/SupportPackages/R2025b/3P.instrset/gnuarm-armcortex.instrset/win/bin/../lib/gcc/arm-none-eabi/13.2.1/thumb/v7e-m+dp/hard\libm.a(libm_a-sf_fabs.o)
                0x0800b558                fabsf
 .text.__kernel_rem_pio2f
                0x0800b568      0x63c C:/ProgramData/MATLAB/SupportPackages/R2025b/3P.instrset/gnuarm-armcortex.instrset/win/bin/../lib/gcc/arm-none-eabi/13.2.1/thumb/v7e-m+dp/hard\libm.a(libm_a-kf_rem_pio2.o)
                0x0800b568                __kernel_rem_pio2f
 .text.scalbnf  0x0800bba4       0xe0 C:/ProgramData/MATLAB/SupportPackages/R2025b/3P.instrset/gnuarm-armcortex.instrset/win/bin/../lib/gcc/arm-none-eabi/13.2.1/thumb/v7e-m+dp/hard\libm.a(libm_a-sf_scalbn.o)
                0x0800bba4                scalbnf
 .text.floorf   0x0800bc84       0x94 C:/ProgramData/MATLAB/SupportPackages/R2025b/3P.instrset/gnuarm-armcortex.instrset/win/bin/../lib/gcc/arm-none-eabi/13.2.1/thumb/v7e-m+dp/hard\libm.a(libm_a-sf_floor.o)
                0x0800bc84                floorf
 .text.memset   0x0800bd18       0xa4 C:/ProgramData/MATLAB/SupportPackages/R2025b/3P.instrset/gnuarm-armcortex.instrset/win/bin/../lib/gcc/arm-none-eabi/13.2.1/thumb/v7e-m+dp/hard\libc.a(libc_a-memset.o)
                0x0800bd18                memset
 .text.__errno  0x0800bdbc        0xc C:/ProgramData/MATLAB/SupportPackages/R2025b/3P.instrset/gnuarm-armcortex.instrset/win/bin/../lib/gcc/arm-none-eabi/13.2.1/thumb/v7e-m+dp/hard\libc.a(libc_a-errno.o)
                0x0800bdbc                __errno
 .text.__libc_init_array
                0x0800bdc8       0x50 C:/ProgramData/MATLAB/SupportPackages/R2025b/3P.instrset/gnuarm-armcortex.instrset/win/bin/../lib/gcc/arm-none-eabi/13.2.1/thumb/v7e-m+dp/hard\libc.a(libc_a-init.o)
                0x0800bdc8                __libc_init_array
 .text.__retarget_lock_acquire_recursive
                0x0800be18        0x4 C:/ProgramData/MATLAB/SupportPackages/R2025b/3P.instrset/gnuarm-armcortex.instrset/win/bin/../lib/gcc/arm-none-eabi/13.2.1/thumb/v7e-m+dp/hard\libc.a(libc_a-lock.o)
                0x0800be18                __retarget_lock_acquire_recursive
 .text.__retarget_lock_release_recursive
                0x0800be1c        0x4 C:/ProgramData/MATLAB/SupportPackages/R2025b/3P.instrset/gnuarm-armcortex.instrset/win/bin/../lib/gcc/arm-none-eabi/13.2.1/thumb/v7e-m+dp/hard\libc.a(libc_a-lock.o)
                0x0800be1c                __retarget_lock_release_recursive
 .text.startup.register_fini
                0x0800be20       0x14 C:/ProgramData/MATLAB/SupportPackages/R2025b/3P.instrset/gnuarm-armcortex.instrset/win/bin/../lib/gcc/arm-none-eabi/13.2.1/thumb/v7e-m+dp/hard\libc.a(libc_a-__call_atexit.o)
 .text.atexit   0x0800be34        0xc C:/ProgramData/MATLAB/SupportPackages/R2025b/3P.instrset/gnuarm-armcortex.instrset/win/bin/../lib/gcc/arm-none-eabi/13.2.1/thumb/v7e-m+dp/hard\libc.a(libc_a-atexit.o)
                0x0800be34                atexit
 .text.__libc_fini_array
                0x0800be40       0x28 C:/ProgramData/MATLAB/SupportPackages/R2025b/3P.instrset/gnuarm-armcortex.instrset/win/bin/../lib/gcc/arm-none-eabi/13.2.1/thumb/v7e-m+dp/hard\libc.a(libc_a-fini.o)
                0x0800be40                __libc_fini_array
 .text.__register_exitproc
                0x0800be68       0x80 C:/ProgramData/MATLAB/SupportPackages/R2025b/3P.instrset/gnuarm-armcortex.instrset/win/bin/../lib/gcc/arm-none-eabi/13.2.1/thumb/v7e-m+dp/hard\libc.a(libc_a-__atexit.o)
                0x0800be68                __register_exitproc
 *(.glue_7)
 .glue_7        0x0800bee8        0x0 linker stubs
 *(.glue_7t)
 .glue_7t       0x0800bee8        0x0 linker stubs
 *(.eh_frame)
 .eh_frame      0x0800bee8        0x0 C:/ProgramData/MATLAB/SupportPackages/R2025b/3P.instrset/gnuarm-armcortex.instrset/win/bin/../lib/gcc/arm-none-eabi/13.2.1/thumb/v7e-m+dp/hard/crtbegin.o
 *(.init)
 .init          0x0800bee8        0x4 C:/ProgramData/MATLAB/SupportPackages/R2025b/3P.instrset/gnuarm-armcortex.instrset/win/bin/../lib/gcc/arm-none-eabi/13.2.1/thumb/v7e-m+dp/hard/crti.o
                0x0800bee8                _init
 .init          0x0800beec        0x8 C:/ProgramData/MATLAB/SupportPackages/R2025b/3P.instrset/gnuarm-armcortex.instrset/win/bin/../lib/gcc/arm-none-eabi/13.2.1/thumb/v7e-m+dp/hard/crtn.o
 *(.fini)
 .fini          0x0800bef4        0x4 C:/ProgramData/MATLAB/SupportPackages/R2025b/3P.instrset/gnuarm-armcortex.instrset/win/bin/../lib/gcc/arm-none-eabi/13.2.1/thumb/v7e-m+dp/hard/crti.o
                0x0800bef4                _fini
 .fini          0x0800bef8        0x8 C:/ProgramData/MATLAB/SupportPackages/R2025b/3P.instrset/gnuarm-armcortex.instrset/win/bin/../lib/gcc/arm-none-eabi/13.2.1/thumb/v7e-m+dp/hard/crtn.o
                0x0800bf00                        . = ALIGN (0x4)
                0x0800bf00                        _etext = .

.vfp11_veneer   0x0800bf00        0x0
 .vfp11_veneer  0x0800bf00        0x0 linker stubs

.v4_bx          0x0800bf00        0x0
 .v4_bx         0x0800bf00        0x0 linker stubs

.iplt           0x0800bf00        0x0
 .iplt          0x0800bf00        0x0 C:/ProgramData/MATLAB/SupportPackages/R2025b/3P.instrset/gnuarm-armcortex.instrset/win/bin/../lib/gcc/arm-none-eabi/13.2.1/thumb/v7e-m+dp/hard/crtbegin.o

.rodata         0x0800bf00      0x8c0
                0x0800bf00                        . = ALIGN (0x4)
 *(.rodata)
 .rodata        0x0800bf00       0x21 C:/Users/robyd/Desktop/UNIVPM/MANUTE~1/Progetto/MPRAI_~1/slprj/ert/Algorithm_to_deploy/coderassumptions/lib/Algorithm_to_deploy_ca.lib(Algorithm_to_deploy_ca.c.o)
 *(.rodata*)
 *fill*         0x0800bf21        0x3 
 .rodata.LL_DMA_STR_OFFSET_TAB
                0x0800bf24        0x8 stm_usart.c.o
 .rodata.LL_DMA_STR_OFFSET_TAB
                0x0800bf2c        0x8 main.c.o
 .rodata.LL_RCC_PrescTable
                0x0800bf34       0x10 stm32h7xx_ll_rcc.c.o
                0x0800bf34                LL_RCC_PrescTable
 .rodata.USART_PRESCALER_TAB
                0x0800bf44       0x30 stm32h7xx_ll_usart.c.o
 .rodata.D1CorePrescTable
                0x0800bf74       0x10 system_stm32h7xx.c.o
                0x0800bf74                D1CorePrescTable
 .rodata.b_2.0  0x0800bf84        0x3 ../../../../slprj/ert/Algorithm_to_deploy/Algorithm_to_deploy_rtwlib.lib(Algorithm_to_deploy.c.o)
 *fill*         0x0800bf87        0x1 
 .rodata.rtCP_pooled_0dKMm3TDe3N4
                0x0800bf88       0x24 C:/Users/robyd/Desktop/UNIVPM/MANUTE~1/Progetto/MPRAI_~1/slprj/ert/_sharedutils/rtwshared.lib(const_params.c.o)
                0x0800bf88                rtCP_pooled_0dKMm3TDe3N4
 .rodata.rtCP_pooled_5bVyuvFQbcY2
                0x0800bfac       0x24 C:/Users/robyd/Desktop/UNIVPM/MANUTE~1/Progetto/MPRAI_~1/slprj/ert/_sharedutils/rtwshared.lib(const_params.c.o)
                0x0800bfac                rtCP_pooled_5bVyuvFQbcY2
 .rodata.rtCP_pooled_69TSNfyu4cTx
                0x0800bfd0       0x60 C:/Users/robyd/Desktop/UNIVPM/MANUTE~1/Progetto/MPRAI_~1/slprj/ert/_sharedutils/rtwshared.lib(const_params.c.o)
                0x0800bfd0                rtCP_pooled_69TSNfyu4cTx
 .rodata.rtCP_pooled_B2iBytop0Ikp
                0x0800c030       0x24 C:/Users/robyd/Desktop/UNIVPM/MANUTE~1/Progetto/MPRAI_~1/slprj/ert/_sharedutils/rtwshared.lib(const_params.c.o)
                0x0800c030                rtCP_pooled_B2iBytop0Ikp
 .rodata.rtCP_pooled_G2yvaIUd97LH
                0x0800c054       0x48 C:/Users/robyd/Desktop/UNIVPM/MANUTE~1/Progetto/MPRAI_~1/slprj/ert/_sharedutils/rtwshared.lib(const_params.c.o)
                0x0800c054                rtCP_pooled_G2yvaIUd97LH
 .rodata.rtCP_pooled_IEoPeCxjPnLW
                0x0800c09c       0x24 C:/Users/robyd/Desktop/UNIVPM/MANUTE~1/Progetto/MPRAI_~1/slprj/ert/_sharedutils/rtwshared.lib(const_params.c.o)
                0x0800c09c                rtCP_pooled_IEoPeCxjPnLW
 .rodata.rtCP_pooled_M79cbV50gVQp
                0x0800c0c0       0x24 C:/Users/robyd/Desktop/UNIVPM/MANUTE~1/Progetto/MPRAI_~1/slprj/ert/_sharedutils/rtwshared.lib(const_params.c.o)
                0x0800c0c0                rtCP_pooled_M79cbV50gVQp
 .rodata.rtCP_pooled_MLS5dHCd19pa
                0x0800c0e4       0x24 C:/Users/robyd/Desktop/UNIVPM/MANUTE~1/Progetto/MPRAI_~1/slprj/ert/_sharedutils/rtwshared.lib(const_params.c.o)
                0x0800c0e4                rtCP_pooled_MLS5dHCd19pa
 .rodata.rtCP_pooled_MXhYEHOlcVRP
                0x0800c108       0x24 C:/Users/robyd/Desktop/UNIVPM/MANUTE~1/Progetto/MPRAI_~1/slprj/ert/_sharedutils/rtwshared.lib(const_params.c.o)
                0x0800c108                rtCP_pooled_MXhYEHOlcVRP
 .rodata.rtCP_pooled_bMCPhwlmPwtT
                0x0800c12c       0x48 C:/Users/robyd/Desktop/UNIVPM/MANUTE~1/Progetto/MPRAI_~1/slprj/ert/_sharedutils/rtwshared.lib(const_params.c.o)
                0x0800c12c                rtCP_pooled_bMCPhwlmPwtT
 .rodata.rtCP_pooled_gBNrhtb6N0ty
                0x0800c174       0x24 C:/Users/robyd/Desktop/UNIVPM/MANUTE~1/Progetto/MPRAI_~1/slprj/ert/_sharedutils/rtwshared.lib(const_params.c.o)
                0x0800c174                rtCP_pooled_gBNrhtb6N0ty
 .rodata.rtCP_pooled_rmCMULFkJXve
                0x0800c198       0x24 C:/Users/robyd/Desktop/UNIVPM/MANUTE~1/Progetto/MPRAI_~1/slprj/ert/_sharedutils/rtwshared.lib(const_params.c.o)
                0x0800c198                rtCP_pooled_rmCMULFkJXve
 .rodata.rtCP_pooled_s9H5KrlHjNiC
                0x0800c1bc       0x24 C:/Users/robyd/Desktop/UNIVPM/MANUTE~1/Progetto/MPRAI_~1/slprj/ert/_sharedutils/rtwshared.lib(const_params.c.o)
                0x0800c1bc                rtCP_pooled_s9H5KrlHjNiC
 .rodata.rtCP_pooled_vhSFZ2nMSwdo
                0x0800c1e0       0x24 C:/Users/robyd/Desktop/UNIVPM/MANUTE~1/Progetto/MPRAI_~1/slprj/ert/_sharedutils/rtwshared.lib(const_params.c.o)
                0x0800c1e0                rtCP_pooled_vhSFZ2nMSwdo
 .rodata.rtCP_pooled_xsXKc6bcgD0j
                0x0800c204       0x24 C:/Users/robyd/Desktop/UNIVPM/MANUTE~1/Progetto/MPRAI_~1/slprj/ert/_sharedutils/rtwshared.lib(const_params.c.o)
                0x0800c204                rtCP_pooled_xsXKc6bcgD0j
 .rodata.CA_Algorithm_to_deploy_Exp
                0x0800c228       0x50 C:/Users/robyd/Desktop/UNIVPM/MANUTE~1/Progetto/MPRAI_~1/slprj/ert/Algorithm_to_deploy/coderassumptions/lib/Algorithm_to_deploy_ca.lib(Algorithm_to_deploy_ca.c.o)
                0x0800c228                CA_Algorithm_to_deploy_Exp
 .rodata.__inv_pio4
                0x0800c278       0x60 C:/ProgramData/MATLAB/SupportPackages/R2025b/3P.instrset/gnuarm-armcortex.instrset/win/bin/../lib/gcc/arm-none-eabi/13.2.1/thumb/v7e-m+dp/hard\libm.a(libm_a-sincosf_data.o)
                0x0800c278                __inv_pio4
 .rodata.__sincosf_table
                0x0800c2d8       0xe0 C:/ProgramData/MATLAB/SupportPackages/R2025b/3P.instrset/gnuarm-armcortex.instrset/win/bin/../lib/gcc/arm-none-eabi/13.2.1/thumb/v7e-m+dp/hard\libm.a(libm_a-sincosf_data.o)
                0x0800c2d8                __sincosf_table
 .rodata.CSWTCH.9
                0x0800c3b8        0xc C:/ProgramData/MATLAB/SupportPackages/R2025b/3P.instrset/gnuarm-armcortex.instrset/win/bin/../lib/gcc/arm-none-eabi/13.2.1/thumb/v7e-m+dp/hard\libm.a(libm_a-ef_atan2.o)
 .rodata.CSWTCH.8
                0x0800c3c4        0xc C:/ProgramData/MATLAB/SupportPackages/R2025b/3P.instrset/gnuarm-armcortex.instrset/win/bin/../lib/gcc/arm-none-eabi/13.2.1/thumb/v7e-m+dp/hard\libm.a(libm_a-ef_atan2.o)
 .rodata.npio2_hw
                0x0800c3d0       0x80 C:/ProgramData/MATLAB/SupportPackages/R2025b/3P.instrset/gnuarm-armcortex.instrset/win/bin/../lib/gcc/arm-none-eabi/13.2.1/thumb/v7e-m+dp/hard\libm.a(libm_a-ef_rem_pio2.o)
 .rodata.two_over_pi
                0x0800c450      0x318 C:/ProgramData/MATLAB/SupportPackages/R2025b/3P.instrset/gnuarm-armcortex.instrset/win/bin/../lib/gcc/arm-none-eabi/13.2.1/thumb/v7e-m+dp/hard\libm.a(libm_a-ef_rem_pio2.o)
 .rodata.atanlo
                0x0800c768       0x10 C:/ProgramData/MATLAB/SupportPackages/R2025b/3P.instrset/gnuarm-armcortex.instrset/win/bin/../lib/gcc/arm-none-eabi/13.2.1/thumb/v7e-m+dp/hard\libm.a(libm_a-sf_atan.o)
 .rodata.atanhi
                0x0800c778       0x10 C:/ProgramData/MATLAB/SupportPackages/R2025b/3P.instrset/gnuarm-armcortex.instrset/win/bin/../lib/gcc/arm-none-eabi/13.2.1/thumb/v7e-m+dp/hard\libm.a(libm_a-sf_atan.o)
 .rodata.PIo2   0x0800c788       0x2c C:/ProgramData/MATLAB/SupportPackages/R2025b/3P.instrset/gnuarm-armcortex.instrset/win/bin/../lib/gcc/arm-none-eabi/13.2.1/thumb/v7e-m+dp/hard\libm.a(libm_a-kf_rem_pio2.o)
 .rodata.init_jk
                0x0800c7b4        0xc C:/ProgramData/MATLAB/SupportPackages/R2025b/3P.instrset/gnuarm-armcortex.instrset/win/bin/../lib/gcc/arm-none-eabi/13.2.1/thumb/v7e-m+dp/hard\libm.a(libm_a-kf_rem_pio2.o)
                0x0800c7c0                        . = ALIGN (0x4)

.ARM.extab
 *(.ARM.extab* .gnu.linkonce.armextab.*)

.ARM            0x0800c7c0        0x8
                0x0800c7c0                        __exidx_start = .
 *(.ARM.exidx*)
 .ARM.exidx     0x0800c7c0        0x8 C:/ProgramData/MATLAB/SupportPackages/R2025b/3P.instrset/gnuarm-armcortex.instrset/win/bin/../lib/gcc/arm-none-eabi/13.2.1/thumb/v7e-m+dp/hard\libc.a(libc_a-memcpy.o)
                0x0800c7c8                        __exidx_end = .

.preinit_array  0x0800c7c8        0x0
                0x0800c7c8                        PROVIDE (__preinit_array_start = .)
 *(.preinit_array*)
                0x0800c7c8                        PROVIDE (__preinit_array_end = .)

.init_array     0x0800c7c8        0x8
                0x0800c7c8                        PROVIDE (__init_array_start = .)
 *(SORT_BY_NAME(.init_array.*))
 .init_array.00000
                0x0800c7c8        0x4 C:/ProgramData/MATLAB/SupportPackages/R2025b/3P.instrset/gnuarm-armcortex.instrset/win/bin/../lib/gcc/arm-none-eabi/13.2.1/thumb/v7e-m+dp/hard\libc.a(libc_a-__call_atexit.o)
 *(.init_array*)
 .init_array    0x0800c7cc        0x4 C:/ProgramData/MATLAB/SupportPackages/R2025b/3P.instrset/gnuarm-armcortex.instrset/win/bin/../lib/gcc/arm-none-eabi/13.2.1/thumb/v7e-m+dp/hard/crtbegin.o
                0x0800c7d0                        PROVIDE (__init_array_end = .)

.fini_array     0x0800c7d0        0x4
                0x0800c7d0                        PROVIDE (__fini_array_start = .)
 *(SORT_BY_NAME(.fini_array.*))
 *(.fini_array*)
 .fini_array    0x0800c7d0        0x4 C:/ProgramData/MATLAB/SupportPackages/R2025b/3P.instrset/gnuarm-armcortex.instrset/win/bin/../lib/gcc/arm-none-eabi/13.2.1/thumb/v7e-m+dp/hard/crtbegin.o
                0x0800c7d4                        PROVIDE (__fini_array_end = .)
                0x0800c7d4                        _sidata = LOADADDR (.data)

.rel.dyn        0x0800c7d4        0x0
 .rel.iplt      0x0800c7d4        0x0 C:/ProgramData/MATLAB/SupportPackages/R2025b/3P.instrset/gnuarm-armcortex.instrset/win/bin/../lib/gcc/arm-none-eabi/13.2.1/thumb/v7e-m+dp/hard/crtbegin.o

.data           0x24000000      0x1f4 load address 0x0800c7d4
                0x24000000                        . = ALIGN (0x4)
                0x24000000                        _sdata = .
 *(.data)
 *(.data*)
 .data.processMsgSuccess
                0x24000000        0x4 xil_interface_lib.c.o
 .data.rt_errorStatus
                0x24000004        0x4 xil_interface.c.o
 .data.RTModel_ptr
                0x24000008        0x4 xil_interface.c.o
                0x24000008                RTModel_ptr
 .data.writeBufferSize
                0x2400000c        0x4 coder_assumptions_data_stream.c.o
                0x2400000c                writeBufferSize
 .data.uartObj  0x24000010       0x40 rtiostream_serial.c.o
                0x24000010                uartObj
 .data.uwTickPrio
                0x24000050        0x4 stm32h7xx_hal.c.o
                0x24000050                uwTickPrio
 .data.uwTickFreq
                0x24000054        0x1 stm32h7xx_hal.c.o
                0x24000054                uwTickFreq
 *fill*         0x24000055        0x3 
 .data.SystemCoreClock
                0x24000058        0x4 system_stm32h7xx.c.o
                0x24000058                SystemCoreClock
 .data.SystemD2Clock
                0x2400005c        0x4 system_stm32h7xx.c.o
                0x2400005c                SystemD2Clock
 .data.rtNaNF   0x24000060        0x4 C:/Users/robyd/Desktop/UNIVPM/MANUTE~1/Progetto/MPRAI_~1/slprj/ert/_sharedutils/rtwshared.lib(rt_nonfinite.c.o)
                0x24000060                rtNaNF
 .data.CA_Algorithm_to_deploy_Act
                0x24000064       0x50 C:/Users/robyd/Desktop/UNIVPM/MANUTE~1/Progetto/MPRAI_~1/slprj/ert/Algorithm_to_deploy/coderassumptions/lib/Algorithm_to_deploy_ca.lib(Algorithm_to_deploy_ca.c.o)
                0x24000064                CA_Algorithm_to_deploy_Act
 *fill*         0x240000b4        0x4 
 .data.realmin  0x240000b8        0x8 C:/Users/robyd/Desktop/UNIVPM/MANUTE~1/Progetto/MPRAI_~1/slprj/ert/Algorithm_to_deploy/coderassumptions/lib/Algorithm_to_deploy_ca.lib(coder_assumptions_hwimpl.c.o)
 .data.denormalAsZero
                0x240000c0        0x8 C:/Users/robyd/Desktop/UNIVPM/MANUTE~1/Progetto/MPRAI_~1/slprj/ert/Algorithm_to_deploy/coderassumptions/lib/Algorithm_to_deploy_ca.lib(coder_assumptions_flt.c.o)
                0x240000c0                denormalAsZero
 .data._impure_ptr
                0x240000c8        0x4 C:/ProgramData/MATLAB/SupportPackages/R2025b/3P.instrset/gnuarm-armcortex.instrset/win/bin/../lib/gcc/arm-none-eabi/13.2.1/thumb/v7e-m+dp/hard\libc.a(libc_a-impure.o)
                0x240000c8                _impure_ptr
 *fill*         0x240000cc        0x4 
 .data._impure_data
                0x240000d0      0x120 C:/ProgramData/MATLAB/SupportPackages/R2025b/3P.instrset/gnuarm-armcortex.instrset/win/bin/../lib/gcc/arm-none-eabi/13.2.1/thumb/v7e-m+dp/hard\libc.a(libc_a-impure.o)
                0x240000d0                _impure_data
 .data.__atexit_recursive_mutex
                0x240001f0        0x4 C:/ProgramData/MATLAB/SupportPackages/R2025b/3P.instrset/gnuarm-armcortex.instrset/win/bin/../lib/gcc/arm-none-eabi/13.2.1/thumb/v7e-m+dp/hard\libc.a(libc_a-__call_atexit.o)
                0x240001f0                __atexit_recursive_mutex
 *(.RamFunc)
 *(.RamFunc*)
                0x240001f4                        . = ALIGN (0x4)
                0x240001f4                        _edata = .

.tm_clone_table
                0x240001f4        0x0 load address 0x0800c9c8
 .tm_clone_table
                0x240001f4        0x0 C:/ProgramData/MATLAB/SupportPackages/R2025b/3P.instrset/gnuarm-armcortex.instrset/win/bin/../lib/gcc/arm-none-eabi/13.2.1/thumb/v7e-m+dp/hard/crtbegin.o
 .tm_clone_table
                0x240001f4        0x0 C:/ProgramData/MATLAB/SupportPackages/R2025b/3P.instrset/gnuarm-armcortex.instrset/win/bin/../lib/gcc/arm-none-eabi/13.2.1/thumb/v7e-m+dp/hard/crtend.o

.igot.plt       0x240001f4        0x0 load address 0x0800c9c8
 .igot.plt      0x240001f4        0x0 C:/ProgramData/MATLAB/SupportPackages/R2025b/3P.instrset/gnuarm-armcortex.instrset/win/bin/../lib/gcc/arm-none-eabi/13.2.1/thumb/v7e-m+dp/hard/crtbegin.o
                0x240001f4                        . = ALIGN (0x4)

.bss            0x240001f4      0x6f8 load address 0x0800c9c8
                0x240001f4                        _sbss = .
                0x240001f4                        __bss_start__ = _sbss
 *(.bss)
 *(.bss*)
 .bss.completed.1
                0x240001f4        0x1 C:/ProgramData/MATLAB/SupportPackages/R2025b/3P.instrset/gnuarm-armcortex.instrset/win/bin/../lib/gcc/arm-none-eabi/13.2.1/thumb/v7e-m+dp/hard/crtbegin.o
 *fill*         0x240001f5        0x3 
 .bss.object.0  0x240001f8       0x18 C:/ProgramData/MATLAB/SupportPackages/R2025b/3P.instrset/gnuarm-armcortex.instrset/win/bin/../lib/gcc/arm-none-eabi/13.2.1/thumb/v7e-m+dp/hard/crtbegin.o
 .bss.xilIODataPtr
                0x24000210        0x4 xil_interface_lib.c.o
 .bss.isShutdownCommand
                0x24000214        0x4 xil_interface_lib.c.o
 .bss.cc        0x24000218        0xc xil_interface_lib.c.o
 .bss.uDataAddress.1
                0x24000224        0x4 xil_interface_lib.c.o
 .bss.uDataLength.0
                0x24000228        0x4 xil_interface_lib.c.o
 .bss.pBuffer   0x2400022c        0x4 xil_data_stream.c.o
 .bss.xilWriteDataPtr
                0x24000230        0x4 xil_data_stream.c.o
 .bss.xilWriteDataAvail
                0x24000234        0x2 xil_data_stream.c.o
 *fill*         0x24000236        0x2 
 .bss.commandResponseType
                0x24000238        0x4 xil_data_stream.c.o
 .bss.currentBufSize.1
                0x2400023c        0x2 xil_data_stream.c.o
 *fill*         0x2400023e        0x2 
 .bss.currentBufferPosition.0
                0x24000240        0x4 xil_data_stream.c.o
 .bss.i_pm      0x24000244        0xc xil_interface.c.o
                0x24000244                i_pm
 .bss.i_pdotms  0x24000250        0xc xil_interface.c.o
                0x24000250                i_pdotms
 .bss.i_omegarads
                0x2400025c        0xc xil_interface.c.o
                0x2400025c                i_omegarads
 .bss.i_R       0x24000268       0x24 xil_interface.c.o
                0x24000268                i_R
 .bss.i_prm     0x2400028c        0xc xil_interface.c.o
                0x2400028c                i_prm
 .bss.i_prdotms
                0x24000298        0xc xil_interface.c.o
                0x24000298                i_prdotms
 .bss.i_prddotms2
                0x240002a4        0xc xil_interface.c.o
                0x240002a4                i_prddotms2
 .bss.i_yawrrad
                0x240002b0        0x4 xil_interface.c.o
                0x240002b0                i_yawrrad
 .bss.i_yawrdotrads
                0x240002b4        0x4 xil_interface.c.o
                0x240002b4                i_yawrdotrads
 .bss.i_yawrddotrads2
                0x240002b8        0x4 xil_interface.c.o
                0x240002b8                i_yawrddotrads2
 .bss.o_u       0x240002bc       0x18 xil_interface.c.o
                0x240002bc                o_u
 .bss.rt_errorStatus_tgt_var
                0x240002d4        0x4 xil_interface.c.o
 .bss.Algorithm_to_deploy_MdlrefDW
                0x240002d8       0xa4 xil_interface.c.o
                0x240002d8                Algorithm_to_deploy_MdlrefDW
 .bss.xil_fcnid0_task1_output_u
                0x2400037c       0x58 xil_interface.c.o
 .bss.xil_fcnid0_task1_y
                0x240003d4       0x10 xil_interface.c.o
 .bss.xil_fcnid0_init_y
                0x240003e4       0x10 xil_interface.c.o
 .bss.xil_fcnid0_system_initialize_y
                0x240003f4       0x10 xil_interface.c.o
 .bss.initComplete.3
                0x24000404        0x4 xil_interface.c.o
 .bss.initComplete.2
                0x24000408        0x4 xil_interface.c.o
 .bss.initComplete.1
                0x2400040c        0x4 xil_interface.c.o
 .bss.initComplete.0
                0x24000410        0x4 xil_interface.c.o
 .bss.streamID  0x24000414        0x4 xilcomms_rtiostream.c.o
 .bss.xilCommsBuffer
                0x24000418       0x85 xilcomms_rtiostream.c.o
 *fill*         0x2400049d        0x3 
 .bss.xilWriteBuffer
                0x240004a0       0x86 xil_rtiostream.c.o
 .bss.pwsEnabled
                0x24000526        0x1 coder_assumptions_app.c.o
 *fill*         0x24000527        0x1 
 .bss.pBuffer   0x24000528        0x4 coder_assumptions_data_stream.c.o
 .bss.coderAssumptionsWriteDataPtr
                0x2400052c        0x4 coder_assumptions_data_stream.c.o
 .bss.coderAssumptionsWriteDataAvail
                0x24000530        0x2 coder_assumptions_data_stream.c.o
                0x24000530                coderAssumptionsWriteDataAvail
 *fill*         0x24000532        0x2 
 .bss.coderAssumpWriteBuffer
                0x24000534       0x20 coder_assumptions_rtiostream.c.o
 .bss.mw_ext_h  0x24000554        0x4 rtiostream_serial.c.o
                0x24000554                mw_ext_h
 .bss.UARTRxBuffer
                0x24000558        0x4 rtiostream_serial.c.o
                0x24000558                UARTRxBuffer
 .bss.mw_usart3
                0x2400055c       0x40 stm_usart.c.o
                0x2400055c                mw_usart3
 .bss.htim5     0x2400059c       0x4c stm32h7xx_hal_timebase_tim.c.o
                0x2400059c                htim5
 .bss.uwTick    0x240005e8        0x4 stm32h7xx_hal.c.o
                0x240005e8                uwTick
 .bss.CA_Algorithm_to_deploy_Res
                0x240005ec       0x28 C:/Users/robyd/Desktop/UNIVPM/MANUTE~1/Progetto/MPRAI_~1/slprj/ert/Algorithm_to_deploy/coderassumptions/lib/Algorithm_to_deploy_ca.lib(Algorithm_to_deploy_ca.c.o)
                0x240005ec                CA_Algorithm_to_deploy_Res
 .bss.CA_Algorithm_to_deploy_PWSRes
                0x24000614        0x2 C:/Users/robyd/Desktop/UNIVPM/MANUTE~1/Progetto/MPRAI_~1/slprj/ert/Algorithm_to_deploy/coderassumptions/lib/Algorithm_to_deploy_ca.lib(Algorithm_to_deploy_ca.c.o)
                0x24000614                CA_Algorithm_to_deploy_PWSRes
 *fill*         0x24000616        0x2 
 .bss.aGlobalInt
                0x24000618        0x4 C:/Users/robyd/Desktop/UNIVPM/MANUTE~1/Progetto/MPRAI_~1/slprj/ert/Algorithm_to_deploy/coderassumptions/lib/Algorithm_to_deploy_ca.lib(coder_assumptions_hwimpl.c.o)
                0x24000618                aGlobalInt
 .bss.__sf      0x2400061c      0x138 C:/ProgramData/MATLAB/SupportPackages/R2025b/3P.instrset/gnuarm-armcortex.instrset/win/bin/../lib/gcc/arm-none-eabi/13.2.1/thumb/v7e-m+dp/hard\libc.a(libc_a-findfp.o)
                0x2400061c                __sf
 .bss.__lock___atexit_recursive_mutex
                0x24000754        0x1 C:/ProgramData/MATLAB/SupportPackages/R2025b/3P.instrset/gnuarm-armcortex.instrset/win/bin/../lib/gcc/arm-none-eabi/13.2.1/thumb/v7e-m+dp/hard\libc.a(libc_a-lock.o)
                0x24000754                __lock___atexit_recursive_mutex
 *fill*         0x24000755        0x3 
 .bss.__atexit  0x24000758        0x4 C:/ProgramData/MATLAB/SupportPackages/R2025b/3P.instrset/gnuarm-armcortex.instrset/win/bin/../lib/gcc/arm-none-eabi/13.2.1/thumb/v7e-m+dp/hard\libc.a(libc_a-__call_atexit.o)
                0x24000758                __atexit
 .bss.__atexit0
                0x2400075c      0x190 C:/ProgramData/MATLAB/SupportPackages/R2025b/3P.instrset/gnuarm-armcortex.instrset/win/bin/../lib/gcc/arm-none-eabi/13.2.1/thumb/v7e-m+dp/hard\libc.a(libc_a-__atexit.o)
                0x2400075c                __atexit0
 *(COMMON)
                0x240008ec                        . = ALIGN (0x4)
                0x240008ec                        _ebss = .
                0x240008ec                        __bss_end__ = _ebss

._user_heap_stack
                0x240008ec      0x604 load address 0x0800c9c8
                0x240008f0                        . = ALIGN (0x8)
 *fill*         0x240008ec        0x4 
                [!provide]                        PROVIDE (end = .)
                0x240008f0                        PROVIDE (_end = .)
                0x24000af0                        . = (. + _Min_Heap_Size)
 *fill*         0x240008f0      0x200 
                0x24000ef0                        . = (. + _Min_Stack_Size)
 *fill*         0x24000af0      0x400 
                0x24000ef0                        . = ALIGN (0x8)

/DISCARD/
 libc.a(*)
 libm.a(*)
 libgcc.a(*)

.ARM.attributes
                0x00000000       0x2e
 *(.ARM.attributes)
 .ARM.attributes
                0x00000000       0x20 C:/ProgramData/MATLAB/SupportPackages/R2025b/3P.instrset/gnuarm-armcortex.instrset/win/bin/../lib/gcc/arm-none-eabi/13.2.1/thumb/v7e-m+dp/hard/crti.o
 .ARM.attributes
                0x00000020       0x32 C:/ProgramData/MATLAB/SupportPackages/R2025b/3P.instrset/gnuarm-armcortex.instrset/win/bin/../lib/gcc/arm-none-eabi/13.2.1/thumb/v7e-m+dp/hard/crtbegin.o
 .ARM.attributes
                0x00000052       0x32 xil_interface_lib.c.o
 .ARM.attributes
                0x00000084       0x32 xil_data_stream.c.o
 .ARM.attributes
                0x000000b6       0x32 xil_services.c.o
 .ARM.attributes
                0x000000e8       0x32 xil_interface.c.o
 .ARM.attributes
                0x0000011a       0x32 xilcomms_rtiostream.c.o
 .ARM.attributes
                0x0000014c       0x32 xil_rtiostream.c.o
 .ARM.attributes
                0x0000017e       0x32 rtiostream_utils.c.o
 .ARM.attributes
                0x000001b0       0x32 coder_assumptions_app.c.o
 .ARM.attributes
                0x000001e2       0x32 coder_assumptions_data_stream.c.o
 .ARM.attributes
                0x00000214       0x32 coder_assumptions_rtiostream.c.o
 .ARM.attributes
                0x00000246       0x32 pil_main.c.o
 .ARM.attributes
                0x00000278       0x32 rtiostream_serial.c.o
 .ARM.attributes
                0x000002aa       0x32 stm_usart.c.o
 .ARM.attributes
                0x000002dc       0x32 platform_timer.c.o
 .ARM.attributes
                0x0000030e       0x32 main.c.o
 .ARM.attributes
                0x00000340       0x32 stm32h7xx_it.c.o
 .ARM.attributes
                0x00000372       0x32 stm32h7xx_hal_msp.c.o
 .ARM.attributes
                0x000003a4       0x32 stm32h7xx_hal_timebase_tim.c.o
 .ARM.attributes
                0x000003d6       0x32 stm32h7xx_ll_exti.c.o
 .ARM.attributes
                0x00000408       0x32 stm32h7xx_ll_gpio.c.o
 .ARM.attributes
                0x0000043a       0x32 stm32h7xx_ll_rcc.c.o
 .ARM.attributes
                0x0000046c       0x32 stm32h7xx_ll_utils.c.o
 .ARM.attributes
                0x0000049e       0x32 stm32h7xx_hal_rcc.c.o
 .ARM.attributes
                0x000004d0       0x32 stm32h7xx_hal_cortex.c.o
 .ARM.attributes
                0x00000502       0x32 stm32h7xx_hal.c.o
 .ARM.attributes
                0x00000534       0x32 stm32h7xx_hal_tim.c.o
 .ARM.attributes
                0x00000566       0x32 stm32h7xx_hal_tim_ex.c.o
 .ARM.attributes
                0x00000598       0x32 stm32h7xx_ll_usart.c.o
 .ARM.attributes
                0x000005ca       0x32 system_stm32h7xx.c.o
 .ARM.attributes
                0x000005fc       0x21 startup_stm32h723zgtx.s.o
 .ARM.attributes
                0x0000061d       0x32 ../../../../slprj/ert/Algorithm_to_deploy/Algorithm_to_deploy_rtwlib.lib(Algorithm_to_deploy.c.o)
 .ARM.attributes
                0x0000064f       0x32 C:/Users/robyd/Desktop/UNIVPM/MANUTE~1/Progetto/MPRAI_~1/slprj/ert/_sharedutils/rtwshared.lib(const_params.c.o)
 .ARM.attributes
                0x00000681       0x32 C:/Users/robyd/Desktop/UNIVPM/MANUTE~1/Progetto/MPRAI_~1/slprj/ert/_sharedutils/rtwshared.lib(rt_atan2f_snf.c.o)
 .ARM.attributes
                0x000006b3       0x32 C:/Users/robyd/Desktop/UNIVPM/MANUTE~1/Progetto/MPRAI_~1/slprj/ert/_sharedutils/rtwshared.lib(rt_nonfinite.c.o)
 .ARM.attributes
                0x000006e5       0x32 C:/Users/robyd/Desktop/UNIVPM/MANUTE~1/Progetto/MPRAI_~1/slprj/ert/Algorithm_to_deploy/coderassumptions/lib/Algorithm_to_deploy_ca.lib(Algorithm_to_deploy_ca.c.o)
 .ARM.attributes
                0x00000717       0x32 C:/Users/robyd/Desktop/UNIVPM/MANUTE~1/Progetto/MPRAI_~1/slprj/ert/Algorithm_to_deploy/coderassumptions/lib/Algorithm_to_deploy_ca.lib(coder_assumptions_hwimpl.c.o)
 .ARM.attributes
                0x00000749       0x32 C:/Users/robyd/Desktop/UNIVPM/MANUTE~1/Progetto/MPRAI_~1/slprj/ert/Algorithm_to_deploy/coderassumptions/lib/Algorithm_to_deploy_ca.lib(coder_assumptions_flt.c.o)
 .ARM.attributes
                0x0000077b       0x32 C:/ProgramData/MATLAB/SupportPackages/R2025b/3P.instrset/gnuarm-armcortex.instrset/win/bin/../lib/gcc/arm-none-eabi/13.2.1/thumb/v7e-m+dp/hard\libm.a(libm_a-wf_atan2.o)
 .ARM.attributes
                0x000007ad       0x32 C:/ProgramData/MATLAB/SupportPackages/R2025b/3P.instrset/gnuarm-armcortex.instrset/win/bin/../lib/gcc/arm-none-eabi/13.2.1/thumb/v7e-m+dp/hard\libm.a(libm_a-sf_tan.o)
 .ARM.attributes
                0x000007df       0x32 C:/ProgramData/MATLAB/SupportPackages/R2025b/3P.instrset/gnuarm-armcortex.instrset/win/bin/../lib/gcc/arm-none-eabi/13.2.1/thumb/v7e-m+dp/hard\libm.a(libm_a-sinf.o)
 .ARM.attributes
                0x00000811       0x32 C:/ProgramData/MATLAB/SupportPackages/R2025b/3P.instrset/gnuarm-armcortex.instrset/win/bin/../lib/gcc/arm-none-eabi/13.2.1/thumb/v7e-m+dp/hard\libm.a(libm_a-cosf.o)
 .ARM.attributes
                0x00000843       0x32 C:/ProgramData/MATLAB/SupportPackages/R2025b/3P.instrset/gnuarm-armcortex.instrset/win/bin/../lib/gcc/arm-none-eabi/13.2.1/thumb/v7e-m+dp/hard\libm.a(libm_a-sincosf_data.o)
 .ARM.attributes
                0x00000875       0x32 C:/ProgramData/MATLAB/SupportPackages/R2025b/3P.instrset/gnuarm-armcortex.instrset/win/bin/../lib/gcc/arm-none-eabi/13.2.1/thumb/v7e-m+dp/hard\libm.a(libm_a-math_errf.o)
 .ARM.attributes
                0x000008a7       0x32 C:/ProgramData/MATLAB/SupportPackages/R2025b/3P.instrset/gnuarm-armcortex.instrset/win/bin/../lib/gcc/arm-none-eabi/13.2.1/thumb/v7e-m+dp/hard\libm.a(libm_a-kf_tan.o)
 .ARM.attributes
                0x000008d9       0x32 C:/ProgramData/MATLAB/SupportPackages/R2025b/3P.instrset/gnuarm-armcortex.instrset/win/bin/../lib/gcc/arm-none-eabi/13.2.1/thumb/v7e-m+dp/hard\libm.a(libm_a-ef_atan2.o)
 .ARM.attributes
                0x0000090b       0x32 C:/ProgramData/MATLAB/SupportPackages/R2025b/3P.instrset/gnuarm-armcortex.instrset/win/bin/../lib/gcc/arm-none-eabi/13.2.1/thumb/v7e-m+dp/hard\libm.a(libm_a-ef_rem_pio2.o)
 .ARM.attributes
                0x0000093d       0x32 C:/ProgramData/MATLAB/SupportPackages/R2025b/3P.instrset/gnuarm-armcortex.instrset/win/bin/../lib/gcc/arm-none-eabi/13.2.1/thumb/v7e-m+dp/hard\libm.a(libm_a-sf_atan.o)
 .ARM.attributes
                0x0000096f       0x32 C:/ProgramData/MATLAB/SupportPackages/R2025b/3P.instrset/gnuarm-armcortex.instrset/win/bin/../lib/gcc/arm-none-eabi/13.2.1/thumb/v7e-m+dp/hard\libm.a(libm_a-sf_fabs.o)
 .ARM.attributes
                0x000009a1       0x32 C:/ProgramData/MATLAB/SupportPackages/R2025b/3P.instrset/gnuarm-armcortex.instrset/win/bin/../lib/gcc/arm-none-eabi/13.2.1/thumb/v7e-m+dp/hard\libm.a(libm_a-kf_rem_pio2.o)
 .ARM.attributes
                0x000009d3       0x32 C:/ProgramData/MATLAB/SupportPackages/R2025b/3P.instrset/gnuarm-armcortex.instrset/win/bin/../lib/gcc/arm-none-eabi/13.2.1/thumb/v7e-m+dp/hard\libm.a(libm_a-sf_scalbn.o)
 .ARM.attributes
                0x00000a05       0x32 C:/ProgramData/MATLAB/SupportPackages/R2025b/3P.instrset/gnuarm-armcortex.instrset/win/bin/../lib/gcc/arm-none-eabi/13.2.1/thumb/v7e-m+dp/hard\libm.a(libm_a-sf_floor.o)
 .ARM.attributes
                0x00000a37       0x20 C:/ProgramData/MATLAB/SupportPackages/R2025b/3P.instrset/gnuarm-armcortex.instrset/win/bin/../lib/gcc/arm-none-eabi/13.2.1/thumb/v7e-m+dp/hard\libgcc.a(_arm_addsubdf3.o)
 .ARM.attributes
                0x00000a57       0x32 C:/ProgramData/MATLAB/SupportPackages/R2025b/3P.instrset/gnuarm-armcortex.instrset/win/bin/../lib/gcc/arm-none-eabi/13.2.1/thumb/v7e-m+dp/hard\libc.a(libc_a-findfp.o)
 .ARM.attributes
                0x00000a89       0x32 C:/ProgramData/MATLAB/SupportPackages/R2025b/3P.instrset/gnuarm-armcortex.instrset/win/bin/../lib/gcc/arm-none-eabi/13.2.1/thumb/v7e-m+dp/hard\libc.a(libc_a-memset.o)
 .ARM.attributes
                0x00000abb       0x32 C:/ProgramData/MATLAB/SupportPackages/R2025b/3P.instrset/gnuarm-armcortex.instrset/win/bin/../lib/gcc/arm-none-eabi/13.2.1/thumb/v7e-m+dp/hard\libc.a(libc_a-impure.o)
 .ARM.attributes
                0x00000aed       0x32 C:/ProgramData/MATLAB/SupportPackages/R2025b/3P.instrset/gnuarm-armcortex.instrset/win/bin/../lib/gcc/arm-none-eabi/13.2.1/thumb/v7e-m+dp/hard\libc.a(libc_a-errno.o)
 .ARM.attributes
                0x00000b1f       0x32 C:/ProgramData/MATLAB/SupportPackages/R2025b/3P.instrset/gnuarm-armcortex.instrset/win/bin/../lib/gcc/arm-none-eabi/13.2.1/thumb/v7e-m+dp/hard\libc.a(libc_a-init.o)
 .ARM.attributes
                0x00000b51       0x32 C:/ProgramData/MATLAB/SupportPackages/R2025b/3P.instrset/gnuarm-armcortex.instrset/win/bin/../lib/gcc/arm-none-eabi/13.2.1/thumb/v7e-m+dp/hard\libc.a(libc_a-lock.o)
 .ARM.attributes